Archive member included to satisfy reference by file (symbol)

C:\Users\javie\AppData\Local\Temp\arduino-sketch-276426350DAEB798C7C9E8548CA6433D/..\arduino-core-cache\core_adafruit_samd_adafruit_feather_m0_7ebe4fe921e125c6a43c8383c7ea19c2.a(SERCOM.cpp.o)
                              C:\Users\javie\AppData\Local\Temp\arduino-sketch-276426350DAEB798C7C9E8548CA6433D\core\variant.cpp.o (SERCOM::SERCOM(Sercom*))
C:\Users\javie\AppData\Local\Temp\arduino-sketch-276426350DAEB798C7C9E8548CA6433D/..\arduino-core-cache\core_adafruit_samd_adafruit_feather_m0_7ebe4fe921e125c6a43c8383c7ea19c2.a(Uart.cpp.o)
                              C:\Users\javie\AppData\Local\Temp\arduino-sketch-276426350DAEB798C7C9E8548CA6433D\core\variant.cpp.o (Uart::Uart(SERCOM*, unsigned char, unsigned char, SercomRXPad, SercomUartTXPad))
C:\Users\javie\AppData\Local\Temp\arduino-sketch-276426350DAEB798C7C9E8548CA6433D/..\arduino-core-cache\core_adafruit_samd_adafruit_feather_m0_7ebe4fe921e125c6a43c8383c7ea19c2.a(cortex_handlers.c.o)
                              (Reset_Handler)
C:\Users\javie\AppData\Local\Temp\arduino-sketch-276426350DAEB798C7C9E8548CA6433D/..\arduino-core-cache\core_adafruit_samd_adafruit_feather_m0_7ebe4fe921e125c6a43c8383c7ea19c2.a(delay.c.o)
                              C:\Users\javie\AppData\Local\Temp\arduino-sketch-276426350DAEB798C7C9E8548CA6433D/..\arduino-core-cache\core_adafruit_samd_adafruit_feather_m0_7ebe4fe921e125c6a43c8383c7ea19c2.a(cortex_handlers.c.o) (SysTick_DefaultHandler)
C:\Users\javie\AppData\Local\Temp\arduino-sketch-276426350DAEB798C7C9E8548CA6433D/..\arduino-core-cache\core_adafruit_samd_adafruit_feather_m0_7ebe4fe921e125c6a43c8383c7ea19c2.a(hooks.c.o)
                              C:\Users\javie\AppData\Local\Temp\arduino-sketch-276426350DAEB798C7C9E8548CA6433D/..\arduino-core-cache\core_adafruit_samd_adafruit_feather_m0_7ebe4fe921e125c6a43c8383c7ea19c2.a(delay.c.o) (yield)
C:\Users\javie\AppData\Local\Temp\arduino-sketch-276426350DAEB798C7C9E8548CA6433D/..\arduino-core-cache\core_adafruit_samd_adafruit_feather_m0_7ebe4fe921e125c6a43c8383c7ea19c2.a(main.cpp.o)
                              c:/users/javie/appdata/local/arduino15/packages/adafruit/tools/arm-none-eabi-gcc/9-2019q4/bin/../lib/gcc/arm-none-eabi/9.2.1/../../../../arm-none-eabi/lib/thumb/v6-m/nofp/crt0.o (main)
C:\Users\javie\AppData\Local\Temp\arduino-sketch-276426350DAEB798C7C9E8548CA6433D/..\arduino-core-cache\core_adafruit_samd_adafruit_feather_m0_7ebe4fe921e125c6a43c8383c7ea19c2.a(startup.c.o)
                              C:\Users\javie\AppData\Local\Temp\arduino-sketch-276426350DAEB798C7C9E8548CA6433D/..\arduino-core-cache\core_adafruit_samd_adafruit_feather_m0_7ebe4fe921e125c6a43c8383c7ea19c2.a(cortex_handlers.c.o) (SystemInit)
C:\Users\javie\AppData\Local\Temp\arduino-sketch-276426350DAEB798C7C9E8548CA6433D/..\arduino-core-cache\core_adafruit_samd_adafruit_feather_m0_7ebe4fe921e125c6a43c8383c7ea19c2.a(wiring.c.o)
                              C:\Users\javie\AppData\Local\Temp\arduino-sketch-276426350DAEB798C7C9E8548CA6433D/..\arduino-core-cache\core_adafruit_samd_adafruit_feather_m0_7ebe4fe921e125c6a43c8383c7ea19c2.a(main.cpp.o) (init)
C:\Users\javie\AppData\Local\Temp\arduino-sketch-276426350DAEB798C7C9E8548CA6433D/..\arduino-core-cache\core_adafruit_samd_adafruit_feather_m0_7ebe4fe921e125c6a43c8383c7ea19c2.a(wiring_analog.c.o)
                              C:\Users\javie\AppData\Local\Temp\arduino-sketch-276426350DAEB798C7C9E8548CA6433D/..\arduino-core-cache\core_adafruit_samd_adafruit_feather_m0_7ebe4fe921e125c6a43c8383c7ea19c2.a(wiring.c.o) (analogReference)
C:\Users\javie\AppData\Local\Temp\arduino-sketch-276426350DAEB798C7C9E8548CA6433D/..\arduino-core-cache\core_adafruit_samd_adafruit_feather_m0_7ebe4fe921e125c6a43c8383c7ea19c2.a(wiring_digital.c.o)
                              C:\Users\javie\AppData\Local\Temp\arduino-sketch-276426350DAEB798C7C9E8548CA6433D\sketch\OpenLoop.ino.cpp.o (pinMode)
C:\Users\javie\AppData\Local\Temp\arduino-sketch-276426350DAEB798C7C9E8548CA6433D/..\arduino-core-cache\core_adafruit_samd_adafruit_feather_m0_7ebe4fe921e125c6a43c8383c7ea19c2.a(wiring_private.c.o)
                              C:\Users\javie\AppData\Local\Temp\arduino-sketch-276426350DAEB798C7C9E8548CA6433D/..\arduino-core-cache\core_adafruit_samd_adafruit_feather_m0_7ebe4fe921e125c6a43c8383c7ea19c2.a(Uart.cpp.o) (pinPeripheral)
C:\Users\javie\AppData\Local\Temp\arduino-sketch-276426350DAEB798C7C9E8548CA6433D/..\arduino-core-cache\core_adafruit_samd_adafruit_feather_m0_7ebe4fe921e125c6a43c8383c7ea19c2.a(Print.cpp.o)
                              C:\Users\javie\AppData\Local\Temp\arduino-sketch-276426350DAEB798C7C9E8548CA6433D/..\arduino-core-cache\core_adafruit_samd_adafruit_feather_m0_7ebe4fe921e125c6a43c8383c7ea19c2.a(Uart.cpp.o) (Print::write(unsigned char const*, unsigned int))
[...]
Memory Configuration

Name             Origin             Length             Attributes
FLASH            0x00000000         0x00040000         xr
RAM              0x20000000         0x00008000         xrw
*default*        0x00000000         0xffffffff

Linker script and memory map

LOAD c:/users/javie/appdata/local/arduino15/packages/adafruit/tools/arm-none-eabi-gcc/9-2019q4/bin/../lib/gcc/arm-none-eabi/9.2.1/thumb/v6-m/nofp/crti.o
LOAD c:/users/javie/appdata/local/arduino15/packages/adafruit/tools/arm-none-eabi-gcc/9-2019q4/bin/../lib/gcc/arm-none-eabi/9.2.1/thumb/v6-m/nofp/crtbegin.o
LOAD c:/users/javie/appdata/local/arduino15/packages/adafruit/tools/arm-none-eabi-gcc/9-2019q4/bin/../lib/gcc/arm-none-eabi/9.2.1/../../../../arm-none-eabi/lib/thumb/v6-m/nofp/crt0.o
LOAD C:\Users\javie\AppData\Local\Temp\arduino-sketch-276426350DAEB798C7C9E8548CA6433D\sketch\OpenLoop.ino.cpp.o
LOAD C:\Users\javie\AppData\Local\Temp\arduino-sketch-276426350DAEB798C7C9E8548CA6433D\core\variant.cpp.o
START GROUP
LOAD C:\Users\javie\AppData\Local\Arduino15\packages\adafruit\tools\CMSIS\5.4.0/CMSIS/Lib/GCC/\libarm_cortexM0l_math.a
LOAD C:\Users\javie\AppData\Local\Temp\arduino-sketch-276426350DAEB798C7C9E8548CA6433D/..\arduino-core-cache\core_adafruit_samd_adafruit_feather_m0_7ebe4fe921e125c6a43c8383c7ea19c2.a
END GROUP
LOAD c:/users/javie/appdata/local/arduino15/packages/adafruit/tools/arm-none-eabi-gcc/9-2019q4/bin/../lib/gcc/arm-none-eabi/9.2.1/../../../../arm-none-eabi/lib/thumb/v6-m/nofp\libstdc++_nano.a
LOAD c:/users/javie/appdata/local/arduino15/packages/adafruit/tools/arm-none-eabi-gcc/9-2019q4/bin/../lib/gcc/arm-none-eabi/9.2.1/../../../../arm-none-eabi/lib/thumb/v6-m/nofp\libm.a
START GROUP
LOAD c:/users/javie/appdata/local/arduino15/packages/adafruit/tools/arm-none-eabi-gcc/9-2019q4/bin/../lib/gcc/arm-none-eabi/9.2.1/thumb/v6-m/nofp\libgcc.a
LOAD c:/users/javie/appdata/local/arduino15/packages/adafruit/tools/arm-none-eabi-gcc/9-2019q4/bin/../lib/gcc/arm-none-eabi/9.2.1/../../../../arm-none-eabi/lib/thumb/v6-m/nofp\libc_nano.a
END GROUP
START GROUP
LOAD c:/users/javie/appdata/local/arduino15/packages/adafruit/tools/arm-none-eabi-gcc/9-2019q4/bin/../lib/gcc/arm-none-eabi/9.2.1/thumb/v6-m/nofp\libgcc.a
LOAD c:/users/javie/appdata/local/arduino15/packages/adafruit/tools/arm-none-eabi-gcc/9-2019q4/bin/../lib/gcc/arm-none-eabi/9.2.1/../../../../arm-none-eabi/lib/thumb/v6-m/nofp\libc_nano.a
LOAD c:/users/javie/appdata/local/arduino15/packages/adafruit/tools/arm-none-eabi-gcc/9-2019q4/bin/../lib/gcc/arm-none-eabi/9.2.1/../../../../arm-none-eabi/lib/thumb/v6-m/nofp\libnosys.a
END GROUP
START GROUP
LOAD c:/users/javie/appdata/local/arduino15/packages/adafruit/tools/arm-none-eabi-gcc/9-2019q4/bin/../lib/gcc/arm-none-eabi/9.2.1/thumb/v6-m/nofp\libgcc.a
LOAD c:/users/javie/appdata/local/arduino15/packages/adafruit/tools/arm-none-eabi-gcc/9-2019q4/bin/../lib/gcc/arm-none-eabi/9.2.1/../../../../arm-none-eabi/lib/thumb/v6-m/nofp\libc_nano.a
LOAD c:/users/javie/appdata/local/arduino15/packages/adafruit/tools/arm-none-eabi-gcc/9-2019q4/bin/../lib/gcc/arm-none-eabi/9.2.1/../../../../arm-none-eabi/lib/thumb/v6-m/nofp\libnosys.a
END GROUP
LOAD c:/users/javie/appdata/local/arduino15/packages/adafruit/tools/arm-none-eabi-gcc/9-2019q4/bin/../lib/gcc/arm-none-eabi/9.2.1/thumb/v6-m/nofp/crtend.o
LOAD c:/users/javie/appdata/local/arduino15/packages/adafruit/tools/arm-none-eabi-gcc/9-2019q4/bin/../lib/gcc/arm-none-eabi/9.2.1/thumb/v6-m/nofp/crtn.o

.text           0x00000000     0x2a0c
                0x00000000                __text_start__ = .
 *(.isr_vector)
 .isr_vector    0x00000000       0xb4 C:\Users\javie\AppData\Local\Temp\arduino-sketch-276426350DAEB798C7C9E8548CA6433D/..\arduino-core-cache\core_adafruit_samd_adafruit_feather_m0_7ebe4fe921e125c6a43c8383c7ea19c2.a(cortex_handlers.c.o)
                0x00000000                exception_table
 *(.text*)
 .text          0x000000b4       0x48 c:/users/javie/appdata/local/arduino15/packages/adafruit/tools/arm-none-eabi-gcc/9-2019q4/bin/../lib/gcc/arm-none-eabi/9.2.1/thumb/v6-m/nofp/crtbegin.o
 .text.setup    0x000000fc       0x34 C:\Users\javie\AppData\Local\Temp\arduino-sketch-276426350DAEB798C7C9E8548CA6433D\sketch\OpenLoop.ino.cpp.o
                0x000000fc                setup
 .text.loop     0x00000130       0x74 C:\Users\javie\AppData\Local\Temp\arduino-sketch-276426350DAEB798C7C9E8548CA6433D\sketch\OpenLoop.ino.cpp.o
                0x00000130                loop
 .text.SERCOM0_Handler
                0x000001a4       0x10 C:\Users\javie\AppData\Local\Temp\arduino-sketch-276426350DAEB798C7C9E8548CA6433D\core\variant.cpp.o
                0x000001a4                SERCOM0_Handler
 .text.SERCOM5_Handler
                0x000001b4       0x10 C:\Users\javie\AppData\Local\Temp\arduino-sketch-276426350DAEB798C7C9E8548CA6433D\core\variant.cpp.o
                0x000001b4                SERCOM5_Handler
 .text.startup._GLOBAL__sub_I_g_APinDescription
                0x000001c4       0x94 C:\Users\javie\AppData\Local\Temp\arduino-sketch-276426350DAEB798C7C9E8548CA6433D\core\variant.cpp.o
 .text._ZN6SERCOMC2EP6Sercom
                0x00000258        0x4 C:\Users\javie\AppData\Local\Temp\arduino-sketch-276426350DAEB798C7C9E8548CA6433D/..\arduino-core-cache\core_adafruit_samd_adafruit_feather_m0_7ebe4fe921e125c6a43c8383c7ea19c2.a(SERCOM.cpp.o)
                0x00000258                SERCOM::SERCOM(Sercom*)
                0x00000258                SERCOM::SERCOM(Sercom*)
 .text._ZN6SERCOM9initFrameE18SercomUartCharSize15SercomDataOrder16SercomParityMode19SercomNumberStopBit
                0x0000025c       0x3a C:\Users\javie\AppData\Local\Temp\arduino-sketch-276426350DAEB798C7C9E8548CA6433D/..\arduino-core-cache\core_adafruit_samd_adafruit_feather_m0_7ebe4fe921e125c6a43c8383c7ea19c2.a(SERCOM.cpp.o)
                0x0000025c                SERCOM::initFrame(SercomUartCharSize, SercomDataOrder, SercomParityMode, SercomNumberStopBit)
 .text._ZN6SERCOM8initPadsE15SercomUartTXPad11SercomRXPad
                0x00000296       0x26 C:\Users\javie\AppData\Local\Temp\arduino-sketch-276426350DAEB798C7C9E8548CA6433D/..\arduino-core-cache\core_adafruit_samd_adafruit_feather_m0_7ebe4fe921e125c6a43c8383c7ea19c2.a(SERCOM.cpp.o)
                0x00000296                SERCOM::initPads(SercomUartTXPad, SercomRXPad)
 .text._ZN6SERCOM9resetUARTEv
                0x000002bc       0x1a C:\Users\javie\AppData\Local\Temp\arduino-sketch-276426350DAEB798C7C9E8548CA6433D/..\arduino-core-cache\core_adafruit_samd_adafruit_feather_m0_7ebe4fe921e125c6a43c8383c7ea19c2.a(SERCOM.cpp.o)
                0x000002bc                SERCOM::resetUART()
 .text._ZN6SERCOM10enableUARTEv
                0x000002d6       0x14 C:\Users\javie\AppData\Local\Temp\arduino-sketch-276426350DAEB798C7C9E8548CA6433D/..\arduino-core-cache\core_adafruit_samd_adafruit_feather_m0_7ebe4fe921e125c6a43c8383c7ea19c2.a(SERCOM.cpp.o)
                0x000002d6                SERCOM::enableUART()
 .text._ZN6SERCOM9flushUARTEv
                0x000002ea       0x10 C:\Users\javie\AppData\Local\Temp\arduino-sketch-276426350DAEB798C7C9E8548CA6433D/..\arduino-core-cache\core_adafruit_samd_adafruit_feather_m0_7ebe4fe921e125c6a43c8383c7ea19c2.a(SERCOM.cpp.o)
                0x000002ea                SERCOM::flushUART()
 .text._ZN6SERCOM15clearStatusUARTEv
                0x000002fa        0x8 C:\Users\javie\AppData\Local\Temp\arduino-sketch-276426350DAEB798C7C9E8548CA6433D/..\arduino-core-cache\core_adafruit_samd_adafruit_feather_m0_7ebe4fe921e125c6a43c8383c7ea19c2.a(SERCOM.cpp.o)
                0x000002fa                SERCOM::clearStatusUART()
 .text._ZN6SERCOM17availableDataUARTEv
                0x00000302        0xa C:\Users\javie\AppData\Local\Temp\arduino-sketch-276426350DAEB798C7C9E8548CA6433D/..\arduino-core-cache\core_adafruit_samd_adafruit_feather_m0_7ebe4fe921e125c6a43c8383c7ea19c2.a(SERCOM.cpp.o)
                0x00000302                SERCOM::availableDataUART()
 .text._ZN6SERCOM11isUARTErrorEv
                0x0000030c        0x8 C:\Users\javie\AppData\Local\Temp\arduino-sketch-276426350DAEB798C7C9E8548CA6433D/..\arduino-core-cache\core_adafruit_samd_adafruit_feather_m0_7ebe4fe921e125c6a43c8383c7ea19c2.a(SERCOM.cpp.o)
                0x0000030c                SERCOM::isUARTError()
 .text._ZN6SERCOM20acknowledgeUARTErrorEv
                0x00000314        0xe C:\Users\javie\AppData\Local\Temp\arduino-sketch-276426350DAEB798C7C9E8548CA6433D/..\arduino-core-cache\core_adafruit_samd_adafruit_feather_m0_7ebe4fe921e125c6a43c8383c7ea19c2.a(SERCOM.cpp.o)
                0x00000314                SERCOM::acknowledgeUARTError()
 .text._ZN6SERCOM16isFrameErrorUARTEv
                0x00000322        0xa C:\Users\javie\AppData\Local\Temp\arduino-sketch-276426350DAEB798C7C9E8548CA6433D/..\arduino-core-cache\core_adafruit_samd_adafruit_feather_m0_7ebe4fe921e125c6a43c8383c7ea19c2.a(SERCOM.cpp.o)
                0x00000322                SERCOM::isFrameErrorUART()
 .text._ZN6SERCOM19clearFrameErrorUARTEv
                0x0000032c        0xc C:\Users\javie\AppData\Local\Temp\arduino-sketch-276426350DAEB798C7C9E8548CA6433D/..\arduino-core-cache\core_adafruit_samd_adafruit_feather_m0_7ebe4fe921e125c6a43c8383c7ea19c2.a(SERCOM.cpp.o)
                0x0000032c                SERCOM::clearFrameErrorUART()
 .text._ZN6SERCOM23isDataRegisterEmptyUARTEv
                0x00000338        0xa C:\Users\javie\AppData\Local\Temp\arduino-sketch-276426350DAEB798C7C9E8548CA6433D/..\arduino-core-cache\core_adafruit_samd_adafruit_feather_m0_7ebe4fe921e125c6a43c8383c7ea19c2.a(SERCOM.cpp.o)
                0x00000338                SERCOM::isDataRegisterEmptyUART()
 .text._ZN6SERCOM12readDataUARTEv
                0x00000342        0x8 C:\Users\javie\AppData\Local\Temp\arduino-sketch-276426350DAEB798C7C9E8548CA6433D/..\arduino-core-cache\core_adafruit_samd_adafruit_feather_m0_7ebe4fe921e125c6a43c8383c7ea19c2.a(SERCOM.cpp.o)
                0x00000342                SERCOM::readDataUART()
 .text._ZN6SERCOM13writeDataUARTEh
                0x0000034a       0x10 C:\Users\javie\AppData\Local\Temp\arduino-sketch-276426350DAEB798C7C9E8548CA6433D/..\arduino-core-cache\core_adafruit_samd_adafruit_feather_m0_7ebe4fe921e125c6a43c8383c7ea19c2.a(SERCOM.cpp.o)
                0x0000034a                SERCOM::writeDataUART(unsigned char)
 .text._ZN6SERCOM36enableDataRegisterEmptyInterruptUARTEv
                0x0000035a        0x8 C:\Users\javie\AppData\Local\Temp\arduino-sketch-276426350DAEB798C7C9E8548CA6433D/..\arduino-core-cache\core_adafruit_samd_adafruit_feather_m0_7ebe4fe921e125c6a43c8383c7ea19c2.a(SERCOM.cpp.o)
                0x0000035a                SERCOM::enableDataRegisterEmptyInterruptUART()
 .text._ZN6SERCOM37disableDataRegisterEmptyInterruptUARTEv
                0x00000362        0x8 C:\Users\javie\AppData\Local\Temp\arduino-sketch-276426350DAEB798C7C9E8548CA6433D/..\arduino-core-cache\core_adafruit_samd_adafruit_feather_m0_7ebe4fe921e125c6a43c8383c7ea19c2.a(SERCOM.cpp.o)
                0x00000362                SERCOM::disableDataRegisterEmptyInterruptUART()
 *fill*         0x0000036a        0x2 
 .text._ZN6SERCOM14getSercomIndexEv
                0x0000036c       0x5c C:\Users\javie\AppData\Local\Temp\arduino-sketch-276426350DAEB798C7C9E8548CA6433D/..\arduino-core-cache\core_adafruit_samd_adafruit_feather_m0_7ebe4fe921e125c6a43c8383c7ea19c2.a(SERCOM.cpp.o)
                0x0000036c                SERCOM::getSercomIndex()
 .text._ZN6SERCOM13initClockNVICEv
                0x000003c8       0x90 C:\Users\javie\AppData\Local\Temp\arduino-sketch-276426350DAEB798C7C9E8548CA6433D/..\arduino-core-cache\core_adafruit_samd_adafruit_feather_m0_7ebe4fe921e125c6a43c8383c7ea19c2.a(SERCOM.cpp.o)
                0x000003c8                SERCOM::initClockNVIC()
 .text._ZN6SERCOM8initUARTE14SercomUartMode20SercomUartSampleRatem
                0x00000458       0x6c C:\Users\javie\AppData\Local\Temp\arduino-sketch-276426350DAEB798C7C9E8548CA6433D/..\arduino-core-cache\core_adafruit_samd_adafruit_feather_m0_7ebe4fe921e125c6a43c8383c7ea19c2.a(SERCOM.cpp.o)
                0x00000458                SERCOM::initUART(SercomUartMode, SercomUartSampleRate, unsigned long)
 .text._ZN4UartcvbEv
                0x000004c4        0x4 C:\Users\javie\AppData\Local\Temp\arduino-sketch-276426350DAEB798C7C9E8548CA6433D/..\arduino-core-cache\core_adafruit_samd_adafruit_feather_m0_7ebe4fe921e125c6a43c8383c7ea19c2.a(Uart.cpp.o)
                0x000004c4                Uart::operator bool()
 .text._ZN4Uart5beginEm
                0x000004c8       0x10 C:\Users\javie\AppData\Local\Temp\arduino-sketch-276426350DAEB798C7C9E8548CA6433D/..\arduino-core-cache\core_adafruit_samd_adafruit_feather_m0_7ebe4fe921e125c6a43c8383c7ea19c2.a(Uart.cpp.o)
                0x000004c8                Uart::begin(unsigned long)
 .text._ZN4Uart4peekEv
                0x000004d8       0x1a C:\Users\javie\AppData\Local\Temp\arduino-sketch-276426350DAEB798C7C9E8548CA6433D/..\arduino-core-cache\core_adafruit_samd_adafruit_feather_m0_7ebe4fe921e125c6a43c8383c7ea19c2.a(Uart.cpp.o)
                0x000004d8                Uart::peek()
 .text._ZN4Uart3endEv
                0x000004f2       0x20 C:\Users\javie\AppData\Local\Temp\arduino-sketch-276426350DAEB798C7C9E8548CA6433D/..\arduino-core-cache\core_adafruit_samd_adafruit_feather_m0_7ebe4fe921e125c6a43c8383c7ea19c2.a(Uart.cpp.o)
                0x000004f2                Uart::end()
 .text._ZN4Uart15extractCharSizeEt
                0x00000512       0x28 C:\Users\javie\AppData\Local\Temp\arduino-sketch-276426350DAEB798C7C9E8548CA6433D/..\arduino-core-cache\core_adafruit_samd_adafruit_feather_m0_7ebe4fe921e125c6a43c8383c7ea19c2.a(Uart.cpp.o)
                0x00000512                Uart::extractCharSize(unsigned short)
 .text._ZN4Uart13extractParityEt
                0x0000053a       0x14 C:\Users\javie\AppData\Local\Temp\arduino-sketch-276426350DAEB798C7C9E8548CA6433D/..\arduino-core-cache\core_adafruit_samd_adafruit_feather_m0_7ebe4fe921e125c6a43c8383c7ea19c2.a(Uart.cpp.o)
                0x0000053a                Uart::extractParity(unsigned short)
 *fill*         0x0000054e        0x2 
 .text._ZN4Uart5beginEmt
                0x00000550       0xf8 C:\Users\javie\AppData\Local\Temp\arduino-sketch-276426350DAEB798C7C9E8548CA6433D/..\arduino-core-cache\core_adafruit_samd_adafruit_feather_m0_7ebe4fe921e125c6a43c8383c7ea19c2.a(Uart.cpp.o)
                0x00000550                Uart::begin(unsigned long, unsigned short)
 .text._ZN11RingBufferNILi350EEC2Ev
                0x00000648       0x1c C:\Users\javie\AppData\Local\Temp\arduino-sketch-276426350DAEB798C7C9E8548CA6433D/..\arduino-core-cache\core_adafruit_samd_adafruit_feather_m0_7ebe4fe921e125c6a43c8383c7ea19c2.a(Uart.cpp.o)
                0x00000648                RingBufferN<350>::RingBufferN()
                0x00000648                RingBufferN<350>::RingBufferN()
 .text._ZN4UartC2EP6SERCOMhh11SercomRXPad15SercomUartTXPad
                0x00000664       0x70 C:\Users\javie\AppData\Local\Temp\arduino-sketch-276426350DAEB798C7C9E8548CA6433D/..\arduino-core-cache\core_adafruit_samd_adafruit_feather_m0_7ebe4fe921e125c6a43c8383c7ea19c2.a(Uart.cpp.o)
                0x00000664                Uart::Uart(SERCOM*, unsigned char, unsigned char, SercomRXPad, SercomUartTXPad)
                0x00000664                Uart::Uart(SERCOM*, unsigned char, unsigned char, SercomRXPad, SercomUartTXPad)
 .text._ZN11RingBufferNILi350EE9availableEv
                0x000006d4       0x12 C:\Users\javie\AppData\Local\Temp\arduino-sketch-276426350DAEB798C7C9E8548CA6433D/..\arduino-core-cache\core_adafruit_samd_adafruit_feather_m0_7ebe4fe921e125c6a43c8383c7ea19c2.a(Uart.cpp.o)
                0x000006d4                RingBufferN<350>::available()
 .text._ZN4Uart5flushEv
                0x000006e6       0x1a C:\Users\javie\AppData\Local\Temp\arduino-sketch-276426350DAEB798C7C9E8548CA6433D/..\arduino-core-cache\core_adafruit_samd_adafruit_feather_m0_7ebe4fe921e125c6a43c8383c7ea19c2.a(Uart.cpp.o)
                0x000006e6                Uart::flush()
 .text._ZN4Uart9availableEv
                0x00000700        0xa C:\Users\javie\AppData\Local\Temp\arduino-sketch-276426350DAEB798C7C9E8548CA6433D/..\arduino-core-cache\core_adafruit_samd_adafruit_feather_m0_7ebe4fe921e125c6a43c8383c7ea19c2.a(Uart.cpp.o)
                0x00000700                Uart::available()
 .text._ZN11RingBufferNILi350EE17availableForStoreEv
                0x0000070a       0x22 C:\Users\javie\AppData\Local\Temp\arduino-sketch-276426350DAEB798C7C9E8548CA6433D/..\arduino-core-cache\core_adafruit_samd_adafruit_feather_m0_7ebe4fe921e125c6a43c8383c7ea19c2.a(Uart.cpp.o)
                0x0000070a                RingBufferN<350>::availableForStore()
 .text._ZN4Uart17availableForWriteEv
                0x0000072c        0xc C:\Users\javie\AppData\Local\Temp\arduino-sketch-276426350DAEB798C7C9E8548CA6433D/..\arduino-core-cache\core_adafruit_samd_adafruit_feather_m0_7ebe4fe921e125c6a43c8383c7ea19c2.a(Uart.cpp.o)
                0x0000072c                Uart::availableForWrite()
 .text._ZN4Uart10IrqHandlerEv
                0x00000738       0xda C:\Users\javie\AppData\Local\Temp\arduino-sketch-276426350DAEB798C7C9E8548CA6433D/..\arduino-core-cache\core_adafruit_samd_adafruit_feather_m0_7ebe4fe921e125c6a43c8383c7ea19c2.a(Uart.cpp.o)
                0x00000738                Uart::IrqHandler()
 *fill*         0x00000812        0x2 
 .text._ZN4Uart5writeEh
                0x00000814       0xc4 C:\Users\javie\AppData\Local\Temp\arduino-sketch-276426350DAEB798C7C9E8548CA6433D/..\arduino-core-cache\core_adafruit_samd_adafruit_feather_m0_7ebe4fe921e125c6a43c8383c7ea19c2.a(Uart.cpp.o)
                0x00000814                Uart::write(unsigned char)
 .text._ZN4Uart4readEv
                0x000008d8       0x52 C:\Users\javie\AppData\Local\Temp\arduino-sketch-276426350DAEB798C7C9E8548CA6433D/..\arduino-core-cache\core_adafruit_samd_adafruit_feather_m0_7ebe4fe921e125c6a43c8383c7ea19c2.a(Uart.cpp.o)
                0x000008d8                Uart::read()
 .text.Dummy_Handler
                0x0000092a        0x2 C:\Users\javie\AppData\Local\Temp\arduino-sketch-276426350DAEB798C7C9E8548CA6433D/..\arduino-core-cache\core_adafruit_samd_adafruit_feather_m0_7ebe4fe921e125c6a43c8383c7ea19c2.a(cortex_handlers.c.o)
                0x0000092a                DMAC_Handler
                0x0000092a                HardFault_Handler
                0x0000092a                AC_Handler
                0x0000092a                PendSV_Handler
                0x0000092a                NMI_Handler
                0x0000092a                TC7_Handler
                0x0000092a                SERCOM1_Handler
                0x0000092a                ADC_Handler
                0x0000092a                TCC1_Handler
                0x0000092a                SERCOM2_Handler
                0x0000092a                TCC0_Handler
                0x0000092a                RTC_Handler
                0x0000092a                EIC_Handler
                0x0000092a                TC6_Handler
                0x0000092a                WDT_Handler
                0x0000092a                TC4_Handler
                0x0000092a                TC3_Handler
                0x0000092a                Dummy_Handler
                0x0000092a                PM_Handler
                0x0000092a                SVC_Handler
                0x0000092a                TCC2_Handler
                0x0000092a                EVSYS_Handler
                0x0000092a                SERCOM3_Handler
                0x0000092a                SERCOM4_Handler
                0x0000092a                I2S_Handler
                0x0000092a                NVMCTRL_Handler
                0x0000092a                DAC_Handler
                0x0000092a                PTC_Handler
                0x0000092a                SYSCTRL_Handler
 .text.USB_Handler
                0x0000092c       0x14 C:\Users\javie\AppData\Local\Temp\arduino-sketch-276426350DAEB798C7C9E8548CA6433D/..\arduino-core-cache\core_adafruit_samd_adafruit_feather_m0_7ebe4fe921e125c6a43c8383c7ea19c2.a(cortex_handlers.c.o)
                0x0000092c                USB_Handler
 .text.Reset_Handler
                0x00000940       0x54 C:\Users\javie\AppData\Local\Temp\arduino-sketch-276426350DAEB798C7C9E8548CA6433D/..\arduino-core-cache\core_adafruit_samd_adafruit_feather_m0_7ebe4fe921e125c6a43c8383c7ea19c2.a(cortex_handlers.c.o)
                0x00000940                Reset_Handler
 .text.SysTick_Handler
                0x00000994       0x10 C:\Users\javie\AppData\Local\Temp\arduino-sketch-276426350DAEB798C7C9E8548CA6433D/..\arduino-core-cache\core_adafruit_samd_adafruit_feather_m0_7ebe4fe921e125c6a43c8383c7ea19c2.a(cortex_handlers.c.o)
                0x00000994                SysTick_Handler
 .text.USB_SetHandler
                0x000009a4        0xc C:\Users\javie\AppData\Local\Temp\arduino-sketch-276426350DAEB798C7C9E8548CA6433D/..\arduino-core-cache\core_adafruit_samd_adafruit_feather_m0_7ebe4fe921e125c6a43c8383c7ea19c2.a(cortex_handlers.c.o)
                0x000009a4                USB_SetHandler
 .text.micros   0x000009b0       0x60 C:\Users\javie\AppData\Local\Temp\arduino-sketch-276426350DAEB798C7C9E8548CA6433D/..\arduino-core-cache\core_adafruit_samd_adafruit_feather_m0_7ebe4fe921e125c6a43c8383c7ea19c2.a(delay.c.o)
                0x000009b0                micros
 .text.delay    0x00000a10       0x2c C:\Users\javie\AppData\Local\Temp\arduino-sketch-276426350DAEB798C7C9E8548CA6433D/..\arduino-core-cache\core_adafruit_samd_adafruit_feather_m0_7ebe4fe921e125c6a43c8383c7ea19c2.a(delay.c.o)
                0x00000a10                delay
 .text.SysTick_DefaultHandler
                0x00000a3c       0x14 C:\Users\javie\AppData\Local\Temp\arduino-sketch-276426350DAEB798C7C9E8548CA6433D/..\arduino-core-cache\core_adafruit_samd_adafruit_feather_m0_7ebe4fe921e125c6a43c8383c7ea19c2.a(delay.c.o)
                0x00000a3c                SysTick_DefaultHandler
 .text.__empty  0x00000a50        0x2 C:\Users\javie\AppData\Local\Temp\arduino-sketch-276426350DAEB798C7C9E8548CA6433D/..\arduino-core-cache\core_adafruit_samd_adafruit_feather_m0_7ebe4fe921e125c6a43c8383c7ea19c2.a(hooks.c.o)
                0x00000a50                yield
 .text.__false  0x00000a52        0x4 C:\Users\javie\AppData\Local\Temp\arduino-sketch-276426350DAEB798C7C9E8548CA6433D/..\arduino-core-cache\core_adafruit_samd_adafruit_feather_m0_7ebe4fe921e125c6a43c8383c7ea19c2.a(hooks.c.o)
                0x00000a52                sysTickHook
 .text._Z11initVariantv
                0x00000a56        0x2 C:\Users\javie\AppData\Local\Temp\arduino-sketch-276426350DAEB798C7C9E8548CA6433D/..\arduino-core-cache\core_adafruit_samd_adafruit_feather_m0_7ebe4fe921e125c6a43c8383c7ea19c2.a(main.cpp.o)
                0x00000a56                initVariant()
 .text.startup.main
                0x00000a58       0x44 C:\Users\javie\AppData\Local\Temp\arduino-sketch-276426350DAEB798C7C9E8548CA6433D/..\arduino-core-cache\core_adafruit_samd_adafruit_feather_m0_7ebe4fe921e125c6a43c8383c7ea19c2.a(main.cpp.o)
                0x00000a58                main
 .text.SystemInit
                0x00000a9c      0x160 C:\Users\javie\AppData\Local\Temp\arduino-sketch-276426350DAEB798C7C9E8548CA6433D/..\arduino-core-cache\core_adafruit_samd_adafruit_feather_m0_7ebe4fe921e125c6a43c8383c7ea19c2.a(startup.c.o)
                0x00000a9c                SystemInit
 .text.init     0x00000bfc       0xe0 C:\Users\javie\AppData\Local\Temp\arduino-sketch-276426350DAEB798C7C9E8548CA6433D/..\arduino-core-cache\core_adafruit_samd_adafruit_feather_m0_7ebe4fe921e125c6a43c8383c7ea19c2.a(wiring.c.o)
                0x00000bfc                init
 .text.analogReference
                0x00000cdc       0x88 C:\Users\javie\AppData\Local\Temp\arduino-sketch-276426350DAEB798C7C9E8548CA6433D/..\arduino-core-cache\core_adafruit_samd_adafruit_feather_m0_7ebe4fe921e125c6a43c8383c7ea19c2.a(wiring_analog.c.o)
                0x00000cdc                analogReference
 .text.pinMode  0x00000d64       0x60 C:\Users\javie\AppData\Local\Temp\arduino-sketch-276426350DAEB798C7C9E8548CA6433D/..\arduino-core-cache\core_adafruit_samd_adafruit_feather_m0_7ebe4fe921e125c6a43c8383c7ea19c2.a(wiring_digital.c.o)
                0x00000d64                pinMode
 .text.digitalWrite
                0x00000dc4       0x58 C:\Users\javie\AppData\Local\Temp\arduino-sketch-276426350DAEB798C7C9E8548CA6433D/..\arduino-core-cache\core_adafruit_samd_adafruit_feather_m0_7ebe4fe921e125c6a43c8383c7ea19c2.a(wiring_digital.c.o)
                0x00000dc4                digitalWrite
 .text.pinPeripheral
                0x00000e1c       0xbc C:\Users\javie\AppData\Local\Temp\arduino-sketch-276426350DAEB798C7C9E8548CA6433D/..\arduino-core-cache\core_adafruit_samd_adafruit_feather_m0_7ebe4fe921e125c6a43c8383c7ea19c2.a(wiring_private.c.o)
                0x00000e1c                pinPeripheral
 .text._ZN5Print5writeEPKhj
                0x00000ed8       0x24 C:\Users\javie\AppData\Local\Temp\arduino-sketch-276426350DAEB798C7C9E8548CA6433D/..\arduino-core-cache\core_adafruit_samd_adafruit_feather_m0_7ebe4fe921e125c6a43c8383c7ea19c2.a(Print.cpp.o)
                0x00000ed8                Print::write(unsigned char const*, unsigned int)
 .text.initiateReset
                0x00000efc        0xc C:\Users\javie\AppData\Local\Temp\arduino-sketch-276426350DAEB798C7C9E8548CA6433D/..\arduino-core-cache\core_adafruit_samd_adafruit_feather_m0_7ebe4fe921e125c6a43c8383c7ea19c2.a(Reset.cpp.o)
                0x00000efc                initiateReset
 .text.cancelReset
                0x00000f08       0x10 C:\Users\javie\AppData\Local\Temp\arduino-sketch-276426350DAEB798C7C9E8548CA6433D/..\arduino-core-cache\core_adafruit_samd_adafruit_feather_m0_7ebe4fe921e125c6a43c8383c7ea19c2.a(Reset.cpp.o)
                0x00000f08                cancelReset
 .text.tickReset
                0x00000f18       0x74 C:\Users\javie\AppData\Local\Temp\arduino-sketch-276426350DAEB798C7C9E8548CA6433D/..\arduino-core-cache\core_adafruit_samd_adafruit_feather_m0_7ebe4fe921e125c6a43c8383c7ea19c2.a(Reset.cpp.o)
                0x00000f18                tickReset
 .text._ZN26DoubleBufferedEPOutHandler4initEv
                0x00000f8c        0x2 C:\Users\javie\AppData\Local\Temp\arduino-sketch-276426350DAEB798C7C9E8548CA6433D/..\arduino-core-cache\core_adafruit_samd_adafruit_feather_m0_7ebe4fe921e125c6a43c8383c7ea19c2.a(USBCore.cpp.o)
                0x00000f8c                DoubleBufferedEPOutHandler::init()
 .text._ZL5utox8mPc
                0x00000f8e       0x26 C:\Users\javie\AppData\Local\Temp\arduino-sketch-276426350DAEB798C7C9E8548CA6433D/..\arduino-core-cache\core_adafruit_samd_adafruit_feather_m0_7ebe4fe921e125c6a43c8383c7ea19c2.a(USBCore.cpp.o)
 .text._ZN26DoubleBufferedEPOutHandlerD2Ev
                0x00000fb4       0x14 C:\Users\javie\AppData\Local\Temp\arduino-sketch-276426350DAEB798C7C9E8548CA6433D/..\arduino-core-cache\core_adafruit_samd_adafruit_feather_m0_7ebe4fe921e125c6a43c8383c7ea19c2.a(USBCore.cpp.o)
                0x00000fb4                DoubleBufferedEPOutHandler::~DoubleBufferedEPOutHandler()
                0x00000fb4                DoubleBufferedEPOutHandler::~DoubleBufferedEPOutHandler()
 .text._ZN26DoubleBufferedEPOutHandlerD0Ev
                0x00000fc8       0x12 C:\Users\javie\AppData\Local\Temp\arduino-sketch-276426350DAEB798C7C9E8548CA6433D/..\arduino-core-cache\core_adafruit_samd_adafruit_feather_m0_7ebe4fe921e125c6a43c8383c7ea19c2.a(USBCore.cpp.o)
                0x00000fc8                DoubleBufferedEPOutHandler::~DoubleBufferedEPOutHandler()
 *fill*         0x00000fda        0x2 
 .text._ZN14USBDeviceClass6initEPEmm.part.0
                0x00000fdc       0xe8 C:\Users\javie\AppData\Local\Temp\arduino-sketch-276426350DAEB798C7C9E8548CA6433D/..\arduino-core-cache\core_adafruit_samd_adafruit_feather_m0_7ebe4fe921e125c6a43c8383c7ea19c2.a(USBCore.cpp.o)
 .text._ZN7__GuardC2Ev
                0x000010c4        0xe C:\Users\javie\AppData\Local\Temp\arduino-sketch-276426350DAEB798C7C9E8548CA6433D/..\arduino-core-cache\core_adafruit_samd_adafruit_feather_m0_7ebe4fe921e125c6a43c8383c7ea19c2.a(USBCore.cpp.o)
                0x000010c4                __Guard::__Guard()
                0x000010c4                __Guard::__Guard()
 .text._ZN7__GuardD2Ev
                0x000010d2        0xe C:\Users\javie\AppData\Local\Temp\arduino-sketch-276426350DAEB798C7C9E8548CA6433D/..\arduino-core-cache\core_adafruit_samd_adafruit_feather_m0_7ebe4fe921e125c6a43c8383c7ea19c2.a(USBCore.cpp.o)
                0x000010d2                __Guard::~__Guard()
                0x000010d2                __Guard::~__Guard()
 .text._ZNK26DoubleBufferedEPOutHandler9availableEv
                0x000010e0       0x5e C:\Users\javie\AppData\Local\Temp\arduino-sketch-276426350DAEB798C7C9E8548CA6433D/..\arduino-core-cache\core_adafruit_samd_adafruit_feather_m0_7ebe4fe921e125c6a43c8383c7ea19c2.a(USBCore.cpp.o)
                0x000010e0                DoubleBufferedEPOutHandler::available() const
 *fill*         0x0000113e        0x2 
 .text._ZN26DoubleBufferedEPOutHandler7releaseEv
                0x00001140       0x54 C:\Users\javie\AppData\Local\Temp\arduino-sketch-276426350DAEB798C7C9E8548CA6433D/..\arduino-core-cache\core_adafruit_samd_adafruit_feather_m0_7ebe4fe921e125c6a43c8383c7ea19c2.a(USBCore.cpp.o)
                0x00001140                DoubleBufferedEPOutHandler::release()
 .text._ZN26DoubleBufferedEPOutHandler4recvEPvm
                0x00001194      0x11a C:\Users\javie\AppData\Local\Temp\arduino-sketch-276426350DAEB798C7C9E8548CA6433D/..\arduino-core-cache\core_adafruit_samd_adafruit_feather_m0_7ebe4fe921e125c6a43c8383c7ea19c2.a(USBCore.cpp.o)
                0x00001194                DoubleBufferedEPOutHandler::recv(void*, unsigned long)
 .text._ZN26DoubleBufferedEPOutHandler14handleEndpointEv
                0x000012ae       0xc2 C:\Users\javie\AppData\Local\Temp\arduino-sketch-276426350DAEB798C7C9E8548CA6433D/..\arduino-core-cache\core_adafruit_samd_adafruit_feather_m0_7ebe4fe921e125c6a43c8383c7ea19c2.a(USBCore.cpp.o)
                0x000012ae                DoubleBufferedEPOutHandler::handleEndpoint()
 .text._ZN14USBDeviceClass14SendInterfacesEPm
                0x00001370       0x2e C:\Users\javie\AppData\Local\Temp\arduino-sketch-276426350DAEB798C7C9E8548CA6433D/..\arduino-core-cache\core_adafruit_samd_adafruit_feather_m0_7ebe4fe921e125c6a43c8383c7ea19c2.a(USBCore.cpp.o)
                0x00001370                USBDeviceClass::SendInterfaces(unsigned long*)
 *fill*         0x0000139e        0x2 
 .text._ZN14USBDeviceClass14handleEndpointEh
                0x000013a0       0x44 C:\Users\javie\AppData\Local\Temp\arduino-sketch-276426350DAEB798C7C9E8548CA6433D/..\arduino-core-cache\core_adafruit_samd_adafruit_feather_m0_7ebe4fe921e125c6a43c8383c7ea19c2.a(USBCore.cpp.o)
                0x000013a0                USBDeviceClass::handleEndpoint(unsigned char)
 .text._ZN14USBDeviceClass4initEv
                0x000013e4       0xf0 C:\Users\javie\AppData\Local\Temp\arduino-sketch-276426350DAEB798C7C9E8548CA6433D/..\arduino-core-cache\core_adafruit_samd_adafruit_feather_m0_7ebe4fe921e125c6a43c8383c7ea19c2.a(USBCore.cpp.o)
                0x000013e4                USBDeviceClass::init()
 .text._ZN14USBDeviceClass6attachEv
                0x000014d4       0x34 C:\Users\javie\AppData\Local\Temp\arduino-sketch-276426350DAEB798C7C9E8548CA6433D/..\arduino-core-cache\core_adafruit_samd_adafruit_feather_m0_7ebe4fe921e125c6a43c8383c7ea19c2.a(USBCore.cpp.o)
                0x000014d4                USBDeviceClass::attach()
 .text._ZN14USBDeviceClass10setAddressEm
                0x00001508       0x44 C:\Users\javie\AppData\Local\Temp\arduino-sketch-276426350DAEB798C7C9E8548CA6433D/..\arduino-core-cache\core_adafruit_samd_adafruit_feather_m0_7ebe4fe921e125c6a43c8383c7ea19c2.a(USBCore.cpp.o)
                0x00001508                USBDeviceClass::setAddress(unsigned long)
 .text._ZN14USBDeviceClass25handleClassInterfaceSetupER8USBSetup
                0x0000154c       0x44 C:\Users\javie\AppData\Local\Temp\arduino-sketch-276426350DAEB798C7C9E8548CA6433D/..\arduino-core-cache\core_adafruit_samd_adafruit_feather_m0_7ebe4fe921e125c6a43c8383c7ea19c2.a(USBCore.cpp.o)
                0x0000154c                USBDeviceClass::handleClassInterfaceSetup(USBSetup&)
 .text._ZN14USBDeviceClass6initEPEmm
                0x00001590       0xec C:\Users\javie\AppData\Local\Temp\arduino-sketch-276426350DAEB798C7C9E8548CA6433D/..\arduino-core-cache\core_adafruit_samd_adafruit_feather_m0_7ebe4fe921e125c6a43c8383c7ea19c2.a(USBCore.cpp.o)
                0x00001590                USBDeviceClass::initEP(unsigned long, unsigned long)
 .text._ZN14USBDeviceClass13initEndpointsEv
                0x0000167c       0x24 C:\Users\javie\AppData\Local\Temp\arduino-sketch-276426350DAEB798C7C9E8548CA6433D/..\arduino-core-cache\core_adafruit_samd_adafruit_feather_m0_7ebe4fe921e125c6a43c8383c7ea19c2.a(USBCore.cpp.o)
                0x0000167c                USBDeviceClass::initEndpoints()
 .text._ZN14USBDeviceClass9availableEm
                0x000016a0       0x2c C:\Users\javie\AppData\Local\Temp\arduino-sketch-276426350DAEB798C7C9E8548CA6433D/..\arduino-core-cache\core_adafruit_samd_adafruit_feather_m0_7ebe4fe921e125c6a43c8383c7ea19c2.a(USBCore.cpp.o)
                0x000016a0                USBDeviceClass::available(unsigned long)
 .text._ZN14USBDeviceClass5flushEm
                0x000016cc       0x2c C:\Users\javie\AppData\Local\Temp\arduino-sketch-276426350DAEB798C7C9E8548CA6433D/..\arduino-core-cache\core_adafruit_samd_adafruit_feather_m0_7ebe4fe921e125c6a43c8383c7ea19c2.a(USBCore.cpp.o)
                0x000016cc                USBDeviceClass::flush(unsigned long)
 .text._ZN14USBDeviceClass14armRecvCtrlOUTEm
                0x000016f8       0x5c C:\Users\javie\AppData\Local\Temp\arduino-sketch-276426350DAEB798C7C9E8548CA6433D/..\arduino-core-cache\core_adafruit_samd_adafruit_feather_m0_7ebe4fe921e125c6a43c8383c7ea19c2.a(USBCore.cpp.o)
                0x000016f8                USBDeviceClass::armRecvCtrlOUT(unsigned long)
 .text._ZN14USBDeviceClass11recvControlEPvm
                0x00001754       0x3c C:\Users\javie\AppData\Local\Temp\arduino-sketch-276426350DAEB798C7C9E8548CA6433D/..\arduino-core-cache\core_adafruit_samd_adafruit_feather_m0_7ebe4fe921e125c6a43c8383c7ea19c2.a(USBCore.cpp.o)
                0x00001754                USBDeviceClass::recvControl(void*, unsigned long)
 .text._ZN14USBDeviceClass7armRecvEm
                0x00001790       0x38 C:\Users\javie\AppData\Local\Temp\arduino-sketch-276426350DAEB798C7C9E8548CA6433D/..\arduino-core-cache\core_adafruit_samd_adafruit_feather_m0_7ebe4fe921e125c6a43c8383c7ea19c2.a(USBCore.cpp.o)
                0x00001790                USBDeviceClass::armRecv(unsigned long)
 .text._ZN14USBDeviceClass4recvEmPvm
                0x000017c8       0xd8 C:\Users\javie\AppData\Local\Temp\arduino-sketch-276426350DAEB798C7C9E8548CA6433D/..\arduino-core-cache\core_adafruit_samd_adafruit_feather_m0_7ebe4fe921e125c6a43c8383c7ea19c2.a(USBCore.cpp.o)
                0x000017c8                USBDeviceClass::recv(unsigned long, void*, unsigned long)
 .text._ZN14USBDeviceClass4recvEm
                0x000018a0       0x1c C:\Users\javie\AppData\Local\Temp\arduino-sketch-276426350DAEB798C7C9E8548CA6433D/..\arduino-core-cache\core_adafruit_samd_adafruit_feather_m0_7ebe4fe921e125c6a43c8383c7ea19c2.a(USBCore.cpp.o)
                0x000018a0                USBDeviceClass::recv(unsigned long)
 .text._ZN14USBDeviceClass4sendEmPKvm
                0x000018bc      0x110 C:\Users\javie\AppData\Local\Temp\arduino-sketch-276426350DAEB798C7C9E8548CA6433D/..\arduino-core-cache\core_adafruit_samd_adafruit_feather_m0_7ebe4fe921e125c6a43c8383c7ea19c2.a(USBCore.cpp.o)
                0x000018bc                USBDeviceClass::send(unsigned long, void const*, unsigned long)
 .text._ZN14USBDeviceClass7armSendEmPKvm
                0x000019cc       0x48 C:\Users\javie\AppData\Local\Temp\arduino-sketch-276426350DAEB798C7C9E8548CA6433D/..\arduino-core-cache\core_adafruit_samd_adafruit_feather_m0_7ebe4fe921e125c6a43c8383c7ea19c2.a(USBCore.cpp.o)
                0x000019cc                USBDeviceClass::armSend(unsigned long, void const*, unsigned long)
 .text._ZN14USBDeviceClass11sendControlEPKvm
                0x00001a14       0x54 C:\Users\javie\AppData\Local\Temp\arduino-sketch-276426350DAEB798C7C9E8548CA6433D/..\arduino-core-cache\core_adafruit_samd_adafruit_feather_m0_7ebe4fe921e125c6a43c8383c7ea19c2.a(USBCore.cpp.o)
                0x00001a14                USBDeviceClass::sendControl(void const*, unsigned long)
 .text._ZN14USBDeviceClass20sendStringDescriptorEPKhh
                0x00001a68       0x68 C:\Users\javie\AppData\Local\Temp\arduino-sketch-276426350DAEB798C7C9E8548CA6433D/..\arduino-core-cache\core_adafruit_samd_adafruit_feather_m0_7ebe4fe921e125c6a43c8383c7ea19c2.a(USBCore.cpp.o)
                0x00001a68                USBDeviceClass::sendStringDescriptor(unsigned char const*, unsigned char)
 .text._ZN14USBDeviceClass17sendConfigurationEm
                0x00001ad0       0x80 C:\Users\javie\AppData\Local\Temp\arduino-sketch-276426350DAEB798C7C9E8548CA6433D/..\arduino-core-cache\core_adafruit_samd_adafruit_feather_m0_7ebe4fe921e125c6a43c8383c7ea19c2.a(USBCore.cpp.o)
                0x00001ad0                USBDeviceClass::sendConfiguration(unsigned long)
 .text._ZN14USBDeviceClass14sendDescriptorER8USBSetup
                0x00001b50       0xe4 C:\Users\javie\AppData\Local\Temp\arduino-sketch-276426350DAEB798C7C9E8548CA6433D/..\arduino-core-cache\core_adafruit_samd_adafruit_feather_m0_7ebe4fe921e125c6a43c8383c7ea19c2.a(USBCore.cpp.o)
                0x00001b50                USBDeviceClass::sendDescriptor(USBSetup&)
 .text._ZN14USBDeviceClass19handleStandardSetupER8USBSetup
                0x00001c34      0x118 C:\Users\javie\AppData\Local\Temp\arduino-sketch-276426350DAEB798C7C9E8548CA6433D/..\arduino-core-cache\core_adafruit_samd_adafruit_feather_m0_7ebe4fe921e125c6a43c8383c7ea19c2.a(USBCore.cpp.o)
                0x00001c34                USBDeviceClass::handleStandardSetup(USBSetup&)
 .text._ZN14USBDeviceClass10ISRHandlerEv
                0x00001d4c      0x150 C:\Users\javie\AppData\Local\Temp\arduino-sketch-276426350DAEB798C7C9E8548CA6433D/..\arduino-core-cache\core_adafruit_samd_adafruit_feather_m0_7ebe4fe921e125c6a43c8383c7ea19c2.a(USBCore.cpp.o)
                0x00001d4c                USBDeviceClass::ISRHandler()
 .text.UDD_Handler
                0x00001e9c       0x10 C:\Users\javie\AppData\Local\Temp\arduino-sketch-276426350DAEB798C7C9E8548CA6433D/..\arduino-core-cache\core_adafruit_samd_adafruit_feather_m0_7ebe4fe921e125c6a43c8383c7ea19c2.a(USBCore.cpp.o)
                0x00001e9c                UDD_Handler
 .text.startup._GLOBAL__sub_I_usbd
                0x00001eac       0x10 C:\Users\javie\AppData\Local\Temp\arduino-sketch-276426350DAEB798C7C9E8548CA6433D/..\arduino-core-cache\core_adafruit_samd_adafruit_feather_m0_7ebe4fe921e125c6a43c8383c7ea19c2.a(USBCore.cpp.o)
 .text._Znwj    0x00001ebc        0x8 C:\Users\javie\AppData\Local\Temp\arduino-sketch-276426350DAEB798C7C9E8548CA6433D/..\arduino-core-cache\core_adafruit_samd_adafruit_feather_m0_7ebe4fe921e125c6a43c8383c7ea19c2.a(new.cpp.o)
                0x00001ebc                operator new(unsigned int)
 .text._ZdlPv   0x00001ec4        0x8 C:\Users\javie\AppData\Local\Temp\arduino-sketch-276426350DAEB798C7C9E8548CA6433D/..\arduino-core-cache\core_adafruit_samd_adafruit_feather_m0_7ebe4fe921e125c6a43c8383c7ea19c2.a(new.cpp.o)
                0x00001ec4                operator delete(void*)
 .text._ZN7Serial_17availableForWriteEv
                0x00001ecc        0x4 C:\Users\javie\AppData\Local\Temp\arduino-sketch-276426350DAEB798C7C9E8548CA6433D/..\arduino-core-cache\core_adafruit_samd_adafruit_feather_m0_7ebe4fe921e125c6a43c8383c7ea19c2.a(CDC.cpp.o)
                0x00001ecc                Serial_::availableForWrite()
 .text._ZN7Serial_5writeEh
                0x00001ed0       0x14 C:\Users\javie\AppData\Local\Temp\arduino-sketch-276426350DAEB798C7C9E8548CA6433D/..\arduino-core-cache\core_adafruit_samd_adafruit_feather_m0_7ebe4fe921e125c6a43c8383c7ea19c2.a(CDC.cpp.o)
                0x00001ed0                Serial_::write(unsigned char)
 .text._ZN7Serial_9availableEv
                0x00001ee4        0xc C:\Users\javie\AppData\Local\Temp\arduino-sketch-276426350DAEB798C7C9E8548CA6433D/..\arduino-core-cache\core_adafruit_samd_adafruit_feather_m0_7ebe4fe921e125c6a43c8383c7ea19c2.a(CDC.cpp.o)
                0x00001ee4                Serial_::available()
 .text._ZN7Serial_5flushEv
                0x00001ef0        0xc C:\Users\javie\AppData\Local\Temp\arduino-sketch-276426350DAEB798C7C9E8548CA6433D/..\arduino-core-cache\core_adafruit_samd_adafruit_feather_m0_7ebe4fe921e125c6a43c8383c7ea19c2.a(CDC.cpp.o)
                0x00001ef0                Serial_::flush()
 .text._ZN7Serial_5writeEPKhj
                0x00001efc       0x2c C:\Users\javie\AppData\Local\Temp\arduino-sketch-276426350DAEB798C7C9E8548CA6433D/..\arduino-core-cache\core_adafruit_samd_adafruit_feather_m0_7ebe4fe921e125c6a43c8383c7ea19c2.a(CDC.cpp.o)
                0x00001efc                Serial_::write(unsigned char const*, unsigned int)
 .text._ZN7Serial_4peekEv
                0x00001f28       0x1c C:\Users\javie\AppData\Local\Temp\arduino-sketch-276426350DAEB798C7C9E8548CA6433D/..\arduino-core-cache\core_adafruit_samd_adafruit_feather_m0_7ebe4fe921e125c6a43c8383c7ea19c2.a(CDC.cpp.o)
                0x00001f28                Serial_::peek()
 .text._ZN7Serial_4readEv
                0x00001f44       0x24 C:\Users\javie\AppData\Local\Temp\arduino-sketch-276426350DAEB798C7C9E8548CA6433D/..\arduino-core-cache\core_adafruit_samd_adafruit_feather_m0_7ebe4fe921e125c6a43c8383c7ea19c2.a(CDC.cpp.o)
                0x00001f44                Serial_::read()
 .text._Z16CDC_GetInterfacePh
                0x00001f68       0x1c C:\Users\javie\AppData\Local\Temp\arduino-sketch-276426350DAEB798C7C9E8548CA6433D/..\arduino-core-cache\core_adafruit_samd_adafruit_feather_m0_7ebe4fe921e125c6a43c8383c7ea19c2.a(CDC.cpp.o)
                0x00001f68                CDC_GetInterface(unsigned char*)
 .text._Z9CDC_SetupR8USBSetup
                0x00001f84       0x7c C:\Users\javie\AppData\Local\Temp\arduino-sketch-276426350DAEB798C7C9E8548CA6433D/..\arduino-core-cache\core_adafruit_samd_adafruit_feather_m0_7ebe4fe921e125c6a43c8383c7ea19c2.a(CDC.cpp.o)
                0x00001f84                CDC_Setup(USBSetup&)
 .text.startup._GLOBAL__sub_I__Z17_CDC_GetInterfacev
                0x00002000       0x28 C:\Users\javie\AppData\Local\Temp\arduino-sketch-276426350DAEB798C7C9E8548CA6433D/..\arduino-core-cache\core_adafruit_samd_adafruit_feather_m0_7ebe4fe921e125c6a43c8383c7ea19c2.a(CDC.cpp.o)
 .text._ZN13PluggableUSB_12getInterfaceEPh
                0x00002028       0x28 C:\Users\javie\AppData\Local\Temp\arduino-sketch-276426350DAEB798C7C9E8548CA6433D/..\arduino-core-cache\core_adafruit_samd_adafruit_feather_m0_7ebe4fe921e125c6a43c8383c7ea19c2.a(PluggableUSB.cpp.o)
                0x00002028                PluggableUSB_::getInterface(unsigned char*)
 .text._ZN13PluggableUSB_13getDescriptorER8USBSetup
                0x00002050       0x20 C:\Users\javie\AppData\Local\Temp\arduino-sketch-276426350DAEB798C7C9E8548CA6433D/..\arduino-core-cache\core_adafruit_samd_adafruit_feather_m0_7ebe4fe921e125c6a43c8383c7ea19c2.a(PluggableUSB.cpp.o)
                0x00002050                PluggableUSB_::getDescriptor(USBSetup&)
 .text._ZN13PluggableUSB_5setupER8USBSetup
                0x00002070       0x20 C:\Users\javie\AppData\Local\Temp\arduino-sketch-276426350DAEB798C7C9E8548CA6433D/..\arduino-core-cache\core_adafruit_samd_adafruit_feather_m0_7ebe4fe921e125c6a43c8383c7ea19c2.a(PluggableUSB.cpp.o)
                0x00002070                PluggableUSB_::setup(USBSetup&)
 .text._Z12PluggableUSBv
                0x00002090       0x28 C:\Users\javie\AppData\Local\Temp\arduino-sketch-276426350DAEB798C7C9E8548CA6433D/..\arduino-core-cache\core_adafruit_samd_adafruit_feather_m0_7ebe4fe921e125c6a43c8383c7ea19c2.a(PluggableUSB.cpp.o)
                0x00002090                PluggableUSB()
 .text._ZN20USBDevice_SAMD21G18x5resetEv
                0x000020b8       0x2a C:\Users\javie\AppData\Local\Temp\arduino-sketch-276426350DAEB798C7C9E8548CA6433D/..\arduino-core-cache\core_adafruit_samd_adafruit_feather_m0_7ebe4fe921e125c6a43c8383c7ea19c2.a(SAMD21_USBDevice.cpp.o)
                0x000020b8                USBDevice_SAMD21G18x::reset()
 *fill*         0x000020e2        0x2 
 .text._ZN20USBDevice_SAMD21G18x9calibrateEv
                0x000020e4       0x60 C:\Users\javie\AppData\Local\Temp\arduino-sketch-276426350DAEB798C7C9E8548CA6433D/..\arduino-core-cache\core_adafruit_samd_adafruit_feather_m0_7ebe4fe921e125c6a43c8383c7ea19c2.a(SAMD21_USBDevice.cpp.o)
                0x000020e4                USBDevice_SAMD21G18x::calibrate()
 .text          0x00002144       0x14 c:/users/javie/appdata/local/arduino15/packages/adafruit/tools/arm-none-eabi-gcc/9-2019q4/bin/../lib/gcc/arm-none-eabi/9.2.1/thumb/v6-m/nofp\libgcc.a(_thumb1_case_uqi.o)
                0x00002144                __gnu_thumb1_case_uqi
 .text          0x00002158      0x114 c:/users/javie/appdata/local/arduino15/packages/adafruit/tools/arm-none-eabi-gcc/9-2019q4/bin/../lib/gcc/arm-none-eabi/9.2.1/thumb/v6-m/nofp\libgcc.a(_udivsi3.o)
                0x00002158                __aeabi_uidiv
                0x00002158                __udivsi3
                0x00002264                __aeabi_uidivmod
 .text          0x0000226c        0x4 c:/users/javie/appdata/local/arduino15/packages/adafruit/tools/arm-none-eabi-gcc/9-2019q4/bin/../lib/gcc/arm-none-eabi/9.2.1/thumb/v6-m/nofp\libgcc.a(_dvmd_tls.o)
                0x0000226c                __aeabi_idiv0
                0x0000226c                __aeabi_ldiv0
 .text.__libc_init_array
                0x00002270       0x48 c:/users/javie/appdata/local/arduino15/packages/adafruit/tools/arm-none-eabi-gcc/9-2019q4/bin/../lib/gcc/arm-none-eabi/9.2.1/../../../../arm-none-eabi/lib/thumb/v6-m/nofp\libc_nano.a(lib_a-init.o)
                0x00002270                __libc_init_array
 .text.malloc   0x000022b8       0x14 c:/users/javie/appdata/local/arduino15/packages/adafruit/tools/arm-none-eabi-gcc/9-2019q4/bin/../lib/gcc/arm-none-eabi/9.2.1/../../../../arm-none-eabi/lib/thumb/v6-m/nofp\libc_nano.a(lib_a-malloc.o)
                0x000022b8                malloc
 .text.free     0x000022cc       0x14 c:/users/javie/appdata/local/arduino15/packages/adafruit/tools/arm-none-eabi-gcc/9-2019q4/bin/../lib/gcc/arm-none-eabi/9.2.1/../../../../arm-none-eabi/lib/thumb/v6-m/nofp\libc_nano.a(lib_a-malloc.o)
                0x000022cc                free
 .text.memcpy   0x000022e0       0x12 c:/users/javie/appdata/local/arduino15/packages/adafruit/tools/arm-none-eabi-gcc/9-2019q4/bin/../lib/gcc/arm-none-eabi/9.2.1/../../../../arm-none-eabi/lib/thumb/v6-m/nofp\libc_nano.a(lib_a-memcpy-stub.o)
                0x000022e0                memcpy
 .text.memset   0x000022f2       0x10 c:/users/javie/appdata/local/arduino15/packages/adafruit/tools/arm-none-eabi-gcc/9-2019q4/bin/../lib/gcc/arm-none-eabi/9.2.1/../../../../arm-none-eabi/lib/thumb/v6-m/nofp\libc_nano.a(lib_a-memset.o)
                0x000022f2                memset
 *fill*         0x00002302        0x2 
 .text._free_r  0x00002304       0x94 c:/users/javie/appdata/local/arduino15/packages/adafruit/tools/arm-none-eabi-gcc/9-2019q4/bin/../lib/gcc/arm-none-eabi/9.2.1/../../../../arm-none-eabi/lib/thumb/v6-m/nofp\libc_nano.a(lib_a-nano-freer.o)
                0x00002304                _free_r
 .text._malloc_r
                0x00002398       0xbc c:/users/javie/appdata/local/arduino15/packages/adafruit/tools/arm-none-eabi-gcc/9-2019q4/bin/../lib/gcc/arm-none-eabi/9.2.1/../../../../arm-none-eabi/lib/thumb/v6-m/nofp\libc_nano.a(lib_a-nano-mallocr.o)
                0x00002398                _malloc_r
 .text._sbrk_r  0x00002454       0x24 c:/users/javie/appdata/local/arduino15/packages/adafruit/tools/arm-none-eabi-gcc/9-2019q4/bin/../lib/gcc/arm-none-eabi/9.2.1/../../../../arm-none-eabi/lib/thumb/v6-m/nofp\libc_nano.a(lib_a-sbrkr.o)
                0x00002454                _sbrk_r
 .text          0x00002478        0xe c:/users/javie/appdata/local/arduino15/packages/adafruit/tools/arm-none-eabi-gcc/9-2019q4/bin/../lib/gcc/arm-none-eabi/9.2.1/../../../../arm-none-eabi/lib/thumb/v6-m/nofp\libc_nano.a(lib_a-strlen.o)
                0x00002478                strlen
 *fill*         0x00002486        0x2 
 .text.__malloc_lock
                0x00002488       0x10 c:/users/javie/appdata/local/arduino15/packages/adafruit/tools/arm-none-eabi-gcc/9-2019q4/bin/../lib/gcc/arm-none-eabi/9.2.1/../../../../arm-none-eabi/lib/thumb/v6-m/nofp\libc_nano.a(lib_a-mlock.o)
                0x00002488                __malloc_lock
 .text.__malloc_unlock
                0x00002498       0x10 c:/users/javie/appdata/local/arduino15/packages/adafruit/tools/arm-none-eabi-gcc/9-2019q4/bin/../lib/gcc/arm-none-eabi/9.2.1/../../../../arm-none-eabi/lib/thumb/v6-m/nofp\libc_nano.a(lib_a-mlock.o)
                0x00002498                __malloc_unlock
 .text.__retarget_lock_acquire_recursive
                0x000024a8        0x2 c:/users/javie/appdata/local/arduino15/packages/adafruit/tools/arm-none-eabi-gcc/9-2019q4/bin/../lib/gcc/arm-none-eabi/9.2.1/../../../../arm-none-eabi/lib/thumb/v6-m/nofp\libc_nano.a(lib_a-lock.o)
                0x000024a8                __retarget_lock_acquire_recursive
 .text.__retarget_lock_release_recursive
                0x000024aa        0x2 c:/users/javie/appdata/local/arduino15/packages/adafruit/tools/arm-none-eabi-gcc/9-2019q4/bin/../lib/gcc/arm-none-eabi/9.2.1/../../../../arm-none-eabi/lib/thumb/v6-m/nofp\libc_nano.a(lib_a-lock.o)
                0x000024aa                __retarget_lock_release_recursive
 .text._sbrk    0x000024ac       0x1c c:/users/javie/appdata/local/arduino15/packages/adafruit/tools/arm-none-eabi-gcc/9-2019q4/bin/../lib/gcc/arm-none-eabi/9.2.1/../../../../arm-none-eabi/lib/thumb/v6-m/nofp\libnosys.a(sbrk.o)
                0x000024ac                _sbrk
 *(.init)
 .init          0x000024c8        0x4 c:/users/javie/appdata/local/arduino15/packages/adafruit/tools/arm-none-eabi-gcc/9-2019q4/bin/../lib/gcc/arm-none-eabi/9.2.1/thumb/v6-m/nofp/crti.o
                0x000024c8                _init
 .init          0x000024cc        0x8 c:/users/javie/appdata/local/arduino15/packages/adafruit/tools/arm-none-eabi-gcc/9-2019q4/bin/../lib/gcc/arm-none-eabi/9.2.1/thumb/v6-m/nofp/crtn.o
 *(.fini)
 .fini          0x000024d4        0x4 c:/users/javie/appdata/local/arduino15/packages/adafruit/tools/arm-none-eabi-gcc/9-2019q4/bin/../lib/gcc/arm-none-eabi/9.2.1/thumb/v6-m/nofp/crti.o
                0x000024d4                _fini
 .fini          0x000024d8        0x8 c:/users/javie/appdata/local/arduino15/packages/adafruit/tools/arm-none-eabi-gcc/9-2019q4/bin/../lib/gcc/arm-none-eabi/9.2.1/thumb/v6-m/nofp/crtn.o
 *crtbegin.o(.ctors)
 *crtbegin?.o(.ctors)
 *(EXCLUDE_FILE(*crtend.o *crtend?.o) .ctors)
 *(SORT_BY_NAME(.ctors.*))
 *(.ctors)
 *crtbegin.o(.dtors)
 *crtbegin?.o(.dtors)
 *(EXCLUDE_FILE(*crtend.o *crtend?.o) .dtors)
 *(SORT_BY_NAME(.dtors.*))
 *(.dtors)
 *(.rodata*)
 .rodata.g_APinDescription
                0x000024e0      0x450 C:\Users\javie\AppData\Local\Temp\arduino-sketch-276426350DAEB798C7C9E8548CA6433D\core\variant.cpp.o
                0x000024e0                g_APinDescription
 .rodata._ZL10sercomData
                0x00002930       0x30 C:\Users\javie\AppData\Local\Temp\arduino-sketch-276426350DAEB798C7C9E8548CA6433D/..\arduino-core-cache\core_adafruit_samd_adafruit_feather_m0_7ebe4fe921e125c6a43c8383c7ea19c2.a(SERCOM.cpp.o)
 .rodata._ZTV4Uart
                0x00002960       0x34 C:\Users\javie\AppData\Local\Temp\arduino-sketch-276426350DAEB798C7C9E8548CA6433D/..\arduino-core-cache\core_adafruit_samd_adafruit_feather_m0_7ebe4fe921e125c6a43c8383c7ea19c2.a(Uart.cpp.o)
                0x00002960                vtable for Uart
 .rodata._ZN14USBDeviceClass19handleStandardSetupER8USBSetup.str1.1
                0x00002994        0x1 C:\Users\javie\AppData\Local\Temp\arduino-sketch-276426350DAEB798C7C9E8548CA6433D/..\arduino-core-cache\core_adafruit_samd_adafruit_feather_m0_7ebe4fe921e125c6a43c8383c7ea19c2.a(USBCore.cpp.o)
 *fill*         0x00002995        0x3 
 .rodata._ZTV26DoubleBufferedEPOutHandler
                0x00002998       0x20 C:\Users\javie\AppData\Local\Temp\arduino-sketch-276426350DAEB798C7C9E8548CA6433D/..\arduino-core-cache\core_adafruit_samd_adafruit_feather_m0_7ebe4fe921e125c6a43c8383c7ea19c2.a(USBCore.cpp.o)
                0x00002998                vtable for DoubleBufferedEPOutHandler
 .rodata._ZL14STRING_PRODUCT
                0x000029b8        0xb C:\Users\javie\AppData\Local\Temp\arduino-sketch-276426350DAEB798C7C9E8548CA6433D/..\arduino-core-cache\core_adafruit_samd_adafruit_feather_m0_7ebe4fe921e125c6a43c8383c7ea19c2.a(USBCore.cpp.o)
 *fill*         0x000029c3        0x1 
 .rodata._ZL15STRING_LANGUAGE
                0x000029c4        0x4 C:\Users\javie\AppData\Local\Temp\arduino-sketch-276426350DAEB798C7C9E8548CA6433D/..\arduino-core-cache\core_adafruit_samd_adafruit_feather_m0_7ebe4fe921e125c6a43c8383c7ea19c2.a(USBCore.cpp.o)
 .rodata._ZL19STRING_MANUFACTURER
                0x000029c8        0x9 C:\Users\javie\AppData\Local\Temp\arduino-sketch-276426350DAEB798C7C9E8548CA6433D/..\arduino-core-cache\core_adafruit_samd_adafruit_feather_m0_7ebe4fe921e125c6a43c8383c7ea19c2.a(USBCore.cpp.o)
 .rodata._ZL21USB_DeviceDescriptorB
                0x000029d1       0x12 C:\Users\javie\AppData\Local\Temp\arduino-sketch-276426350DAEB798C7C9E8548CA6433D/..\arduino-core-cache\core_adafruit_samd_adafruit_feather_m0_7ebe4fe921e125c6a43c8383c7ea19c2.a(USBCore.cpp.o)
 *fill*         0x000029e3        0x1 
 .rodata._ZTV7Serial_
                0x000029e4       0x24 C:\Users\javie\AppData\Local\Temp\arduino-sketch-276426350DAEB798C7C9E8548CA6433D/..\arduino-core-cache\core_adafruit_samd_adafruit_feather_m0_7ebe4fe921e125c6a43c8383c7ea19c2.a(CDC.cpp.o)
                0x000029e4                vtable for Serial_
 *(.eh_frame*)
 .eh_frame      0x00002a08        0x0 c:/users/javie/appdata/local/arduino15/packages/adafruit/tools/arm-none-eabi-gcc/9-2019q4/bin/../lib/gcc/arm-none-eabi/9.2.1/thumb/v6-m/nofp/crtbegin.o
 .eh_frame      0x00002a08        0x4 c:/users/javie/appdata/local/arduino15/packages/adafruit/tools/arm-none-eabi-gcc/9-2019q4/bin/../lib/gcc/arm-none-eabi/9.2.1/thumb/v6-m/nofp/crtend.o

.glue_7         0x00002a0c        0x0
 .glue_7        0x00002a0c        0x0 linker stubs

.glue_7t        0x00002a0c        0x0
 .glue_7t       0x00002a0c        0x0 linker stubs

.vfp11_veneer   0x00002a0c        0x0
 .vfp11_veneer  0x00002a0c        0x0 linker stubs

.v4_bx          0x00002a0c        0x0
 .v4_bx         0x00002a0c        0x0 linker stubs

.iplt           0x00002a0c        0x0
 .iplt          0x00002a0c        0x0 c:/users/javie/appdata/local/arduino15/packages/adafruit/tools/arm-none-eabi-gcc/9-2019q4/bin/../lib/gcc/arm-none-eabi/9.2.1/thumb/v6-m/nofp/crtbegin.o

.rel.dyn        0x00002a0c        0x0
 .rel.iplt      0x00002a0c        0x0 c:/users/javie/appdata/local/arduino15/packages/adafruit/tools/arm-none-eabi-gcc/9-2019q4/bin/../lib/gcc/arm-none-eabi/9.2.1/thumb/v6-m/nofp/crtbegin.o

.ARM.extab
 *(.ARM.extab* .gnu.linkonce.armextab.*)
                0x00002a0c                __exidx_start = .

.ARM.exidx
 *(.ARM.exidx* .gnu.linkonce.armexidx.*)
                0x00002a0c                __exidx_end = .
                0x00002a0c                __etext = .

.data           0x20000000      0x100 load address 0x00002a0c
                0x20000000                __data_start__ = .
 *(vtable)
 *(.data*)
 .data.SystemCoreClock
                0x20000000        0x4 C:\Users\javie\AppData\Local\Temp\arduino-sketch-276426350DAEB798C7C9E8548CA6433D/..\arduino-core-cache\core_adafruit_samd_adafruit_feather_m0_7ebe4fe921e125c6a43c8383c7ea19c2.a(wiring.c.o)
                0x20000000                SystemCoreClock
 .data._ZL5ticks
                0x20000004        0x4 C:\Users\javie\AppData\Local\Temp\arduino-sketch-276426350DAEB798C7C9E8548CA6433D/..\arduino-core-cache\core_adafruit_samd_adafruit_feather_m0_7ebe4fe921e125c6a43c8383c7ea19c2.a(Reset.cpp.o)
 .data.EndPoints
                0x20000008       0x28 C:\Users\javie\AppData\Local\Temp\arduino-sketch-276426350DAEB798C7C9E8548CA6433D/..\arduino-core-cache\core_adafruit_samd_adafruit_feather_m0_7ebe4fe921e125c6a43c8383c7ea19c2.a(USBCore.cpp.o)
                0x20000008                EndPoints
 .data._ZL10breakValue
                0x20000030        0x4 C:\Users\javie\AppData\Local\Temp\arduino-sketch-276426350DAEB798C7C9E8548CA6433D/..\arduino-core-cache\core_adafruit_samd_adafruit_feather_m0_7ebe4fe921e125c6a43c8383c7ea19c2.a(CDC.cpp.o)
 .data._ZL12_usbLineInfo
                0x20000034        0x8 C:\Users\javie\AppData\Local\Temp\arduino-sketch-276426350DAEB798C7C9E8548CA6433D/..\arduino-core-cache\core_adafruit_samd_adafruit_feather_m0_7ebe4fe921e125c6a43c8383c7ea19c2.a(CDC.cpp.o)
 .data._ZL13_cdcInterface
                0x2000003c       0x42 C:\Users\javie\AppData\Local\Temp\arduino-sketch-276426350DAEB798C7C9E8548CA6433D/..\arduino-core-cache\core_adafruit_samd_adafruit_feather_m0_7ebe4fe921e125c6a43c8383c7ea19c2.a(CDC.cpp.o)
 *fill*         0x2000007e        0x2 
 .data._serialPeek
                0x20000080        0x4 C:\Users\javie\AppData\Local\Temp\arduino-sketch-276426350DAEB798C7C9E8548CA6433D/..\arduino-core-cache\core_adafruit_samd_adafruit_feather_m0_7ebe4fe921e125c6a43c8383c7ea19c2.a(CDC.cpp.o)
                0x20000080                _serialPeek
 .data._impure_ptr
                0x20000084        0x4 c:/users/javie/appdata/local/arduino15/packages/adafruit/tools/arm-none-eabi-gcc/9-2019q4/bin/../lib/gcc/arm-none-eabi/9.2.1/../../../../arm-none-eabi/lib/thumb/v6-m/nofp\libc_nano.a(lib_a-impure.o)
                0x20000084                _impure_ptr
 .data.impure_data
                0x20000088       0x60 c:/users/javie/appdata/local/arduino15/packages/adafruit/tools/arm-none-eabi-gcc/9-2019q4/bin/../lib/gcc/arm-none-eabi/9.2.1/../../../../arm-none-eabi/lib/thumb/v6-m/nofp\libc_nano.a(lib_a-impure.o)
                0x200000e8                . = ALIGN (0x4)
                0x200000e8                PROVIDE (__preinit_array_start = .)
 *(.preinit_array)
                0x200000e8                PROVIDE (__preinit_array_end = .)
                0x200000e8                . = ALIGN (0x4)
                0x200000e8                PROVIDE (__init_array_start = .)
 *(SORT_BY_NAME(.init_array.*))
 *(.init_array)
 .init_array    0x200000e8        0x4 c:/users/javie/appdata/local/arduino15/packages/adafruit/tools/arm-none-eabi-gcc/9-2019q4/bin/../lib/gcc/arm-none-eabi/9.2.1/thumb/v6-m/nofp/crtbegin.o
 .init_array    0x200000ec        0x4 C:\Users\javie\AppData\Local\Temp\arduino-sketch-276426350DAEB798C7C9E8548CA6433D\core\variant.cpp.o
 .init_array    0x200000f0        0x4 C:\Users\javie\AppData\Local\Temp\arduino-sketch-276426350DAEB798C7C9E8548CA6433D/..\arduino-core-cache\core_adafruit_samd_adafruit_feather_m0_7ebe4fe921e125c6a43c8383c7ea19c2.a(USBCore.cpp.o)
 .init_array    0x200000f4        0x4 C:\Users\javie\AppData\Local\Temp\arduino-sketch-276426350DAEB798C7C9E8548CA6433D/..\arduino-core-cache\core_adafruit_samd_adafruit_feather_m0_7ebe4fe921e125c6a43c8383c7ea19c2.a(CDC.cpp.o)
                0x200000f8                PROVIDE (__init_array_end = .)
                0x200000f8                . = ALIGN (0x4)
                [!provide]                PROVIDE (__fini_array_start = .)
 *(SORT_BY_NAME(.fini_array.*))
 *(.fini_array)
 .fini_array    0x200000f8        0x4 c:/users/javie/appdata/local/arduino15/packages/adafruit/tools/arm-none-eabi-gcc/9-2019q4/bin/../lib/gcc/arm-none-eabi/9.2.1/thumb/v6-m/nofp/crtbegin.o
                [!provide]                PROVIDE (__fini_array_end = .)
 *(.jcr*)
                0x20000100                . = ALIGN (0x10)
 *fill*         0x200000fc        0x4 
                0x20000100                __data_end__ = .

.igot.plt       0x20000100        0x0 load address 0x00002b0c
 .igot.plt      0x20000100        0x0 c:/users/javie/appdata/local/arduino15/packages/adafruit/tools/arm-none-eabi-gcc/9-2019q4/bin/../lib/gcc/arm-none-eabi/9.2.1/thumb/v6-m/nofp/crtbegin.o

.bss            0x20000100      0xc34 load address 0x00002b0c
                0x20000100                . = ALIGN (0x4)
                0x20000100                __bss_start__ = .
 *(.bss*)
 .bss           0x20000100       0x1c c:/users/javie/appdata/local/arduino15/packages/adafruit/tools/arm-none-eabi-gcc/9-2019q4/bin/../lib/gcc/arm-none-eabi/9.2.1/thumb/v6-m/nofp/crtbegin.o
 .bss.Serial1   0x2000011c      0x2fc C:\Users\javie\AppData\Local\Temp\arduino-sketch-276426350DAEB798C7C9E8548CA6433D\core\variant.cpp.o
                0x2000011c                Serial1
 .bss.Serial5   0x20000418      0x2fc C:\Users\javie\AppData\Local\Temp\arduino-sketch-276426350DAEB798C7C9E8548CA6433D\core\variant.cpp.o
                0x20000418                Serial5
 .bss.sercom0   0x20000714        0x4 C:\Users\javie\AppData\Local\Temp\arduino-sketch-276426350DAEB798C7C9E8548CA6433D\core\variant.cpp.o
                0x20000714                sercom0
 .bss.sercom1   0x20000718        0x4 C:\Users\javie\AppData\Local\Temp\arduino-sketch-276426350DAEB798C7C9E8548CA6433D\core\variant.cpp.o
                0x20000718                sercom1
 .bss.sercom2   0x2000071c        0x4 C:\Users\javie\AppData\Local\Temp\arduino-sketch-276426350DAEB798C7C9E8548CA6433D\core\variant.cpp.o
                0x2000071c                sercom2
 .bss.sercom3   0x20000720        0x4 C:\Users\javie\AppData\Local\Temp\arduino-sketch-276426350DAEB798C7C9E8548CA6433D\core\variant.cpp.o
                0x20000720                sercom3
 .bss.sercom4   0x20000724        0x4 C:\Users\javie\AppData\Local\Temp\arduino-sketch-276426350DAEB798C7C9E8548CA6433D\core\variant.cpp.o
                0x20000724                sercom4
 .bss.sercom5   0x20000728        0x4 C:\Users\javie\AppData\Local\Temp\arduino-sketch-276426350DAEB798C7C9E8548CA6433D\core\variant.cpp.o
                0x20000728                sercom5
 .bss.usb_isr   0x2000072c        0x4 C:\Users\javie\AppData\Local\Temp\arduino-sketch-276426350DAEB798C7C9E8548CA6433D/..\arduino-core-cache\core_adafruit_samd_adafruit_feather_m0_7ebe4fe921e125c6a43c8383c7ea19c2.a(cortex_handlers.c.o)
 .bss._ulTickCount
                0x20000730        0x4 C:\Users\javie\AppData\Local\Temp\arduino-sketch-276426350DAEB798C7C9E8548CA6433D/..\arduino-core-cache\core_adafruit_samd_adafruit_feather_m0_7ebe4fe921e125c6a43c8383c7ea19c2.a(delay.c.o)
 .bss.USBDevice
                0x20000734        0x1 C:\Users\javie\AppData\Local\Temp\arduino-sketch-276426350DAEB798C7C9E8548CA6433D/..\arduino-core-cache\core_adafruit_samd_adafruit_feather_m0_7ebe4fe921e125c6a43c8383c7ea19c2.a(USBCore.cpp.o)
                0x20000734                USBDevice
 *fill*         0x20000735        0x3 
 .bss._ZL10epHandlers
                0x20000738       0x1c C:\Users\javie\AppData\Local\Temp\arduino-sketch-276426350DAEB798C7C9E8548CA6433D/..\arduino-core-cache\core_adafruit_samd_adafruit_feather_m0_7ebe4fe921e125c6a43c8383c7ea19c2.a(USBCore.cpp.o)
 .bss._ZL10rxLEDPulse
                0x20000754        0x1 C:\Users\javie\AppData\Local\Temp\arduino-sketch-276426350DAEB798C7C9E8548CA6433D/..\arduino-core-cache\core_adafruit_samd_adafruit_feather_m0_7ebe4fe921e125c6a43c8383c7ea19c2.a(USBCore.cpp.o)
 .bss._ZL10txLEDPulse
                0x20000755        0x1 C:\Users\javie\AppData\Local\Temp\arduino-sketch-276426350DAEB798C7C9E8548CA6433D/..\arduino-core-cache\core_adafruit_samd_adafruit_feather_m0_7ebe4fe921e125c6a43c8383c7ea19c2.a(USBCore.cpp.o)
 .bss._ZL14isEndpointHalt
                0x20000756        0x1 C:\Users\javie\AppData\Local\Temp\arduino-sketch-276426350DAEB798C7C9E8548CA6433D/..\arduino-core-cache\core_adafruit_samd_adafruit_feather_m0_7ebe4fe921e125c6a43c8383c7ea19c2.a(USBCore.cpp.o)
 .bss._ZL20LastTransmitTimedOut
                0x20000757        0x7 C:\Users\javie\AppData\Local\Temp\arduino-sketch-276426350DAEB798C7C9E8548CA6433D/..\arduino-core-cache\core_adafruit_samd_adafruit_feather_m0_7ebe4fe921e125c6a43c8383c7ea19c2.a(USBCore.cpp.o)
 .bss._ZL21isRemoteWakeUpEnabled
                0x2000075e        0x1 C:\Users\javie\AppData\Local\Temp\arduino-sketch-276426350DAEB798C7C9E8548CA6433D/..\arduino-core-cache\core_adafruit_samd_adafruit_feather_m0_7ebe4fe921e125c6a43c8383c7ea19c2.a(USBCore.cpp.o)
 *fill*         0x2000075f        0x1 
 .bss._ZL22udd_ep_in_cache_buffer
                0x20000760      0x1c0 C:\Users\javie\AppData\Local\Temp\arduino-sketch-276426350DAEB798C7C9E8548CA6433D/..\arduino-core-cache\core_adafruit_samd_adafruit_feather_m0_7ebe4fe921e125c6a43c8383c7ea19c2.a(USBCore.cpp.o)
 .bss._ZL23udd_ep_out_cache_buffer
                0x20000920      0x1c0 C:\Users\javie\AppData\Local\Temp\arduino-sketch-276426350DAEB798C7C9E8548CA6433D/..\arduino-core-cache\core_adafruit_samd_adafruit_feather_m0_7ebe4fe921e125c6a43c8383c7ea19c2.a(USBCore.cpp.o)
 .bss._dry_run  0x20000ae0        0x1 C:\Users\javie\AppData\Local\Temp\arduino-sketch-276426350DAEB798C7C9E8548CA6433D/..\arduino-core-cache\core_adafruit_samd_adafruit_feather_m0_7ebe4fe921e125c6a43c8383c7ea19c2.a(USBCore.cpp.o)
                0x20000ae0                _dry_run
 .bss._pack_buffer
                0x20000ae1      0x100 C:\Users\javie\AppData\Local\Temp\arduino-sketch-276426350DAEB798C7C9E8548CA6433D/..\arduino-core-cache\core_adafruit_samd_adafruit_feather_m0_7ebe4fe921e125c6a43c8383c7ea19c2.a(USBCore.cpp.o)
                0x20000ae1                _pack_buffer
 .bss._pack_message
                0x20000be1        0x1 C:\Users\javie\AppData\Local\Temp\arduino-sketch-276426350DAEB798C7C9E8548CA6433D/..\arduino-core-cache\core_adafruit_samd_adafruit_feather_m0_7ebe4fe921e125c6a43c8383c7ea19c2.a(USBCore.cpp.o)
                0x20000be1                _pack_message
 .bss._pack_size
                0x20000be2        0x2 C:\Users\javie\AppData\Local\Temp\arduino-sketch-276426350DAEB798C7C9E8548CA6433D/..\arduino-core-cache\core_adafruit_samd_adafruit_feather_m0_7ebe4fe921e125c6a43c8383c7ea19c2.a(USBCore.cpp.o)
                0x20000be2                _pack_size
 .bss._usbConfiguration
                0x20000be4        0x4 C:\Users\javie\AppData\Local\Temp\arduino-sketch-276426350DAEB798C7C9E8548CA6433D/..\arduino-core-cache\core_adafruit_samd_adafruit_feather_m0_7ebe4fe921e125c6a43c8383c7ea19c2.a(USBCore.cpp.o)
                0x20000be4                _usbConfiguration
 .bss._usbSetInterface
                0x20000be8        0x4 C:\Users\javie\AppData\Local\Temp\arduino-sketch-276426350DAEB798C7C9E8548CA6433D/..\arduino-core-cache\core_adafruit_samd_adafruit_feather_m0_7ebe4fe921e125c6a43c8383c7ea19c2.a(USBCore.cpp.o)
                0x20000be8                _usbSetInterface
 .bss.usbd      0x20000bec      0x104 C:\Users\javie\AppData\Local\Temp\arduino-sketch-276426350DAEB798C7C9E8548CA6433D/..\arduino-core-cache\core_adafruit_samd_adafruit_feather_m0_7ebe4fe921e125c6a43c8383c7ea19c2.a(USBCore.cpp.o)
                0x20000bec                usbd
 .bss.Serial    0x20000cf0       0x1c C:\Users\javie\AppData\Local\Temp\arduino-sketch-276426350DAEB798C7C9E8548CA6433D/..\arduino-core-cache\core_adafruit_samd_adafruit_feather_m0_7ebe4fe921e125c6a43c8383c7ea19c2.a(CDC.cpp.o)
                0x20000cf0                Serial
 .bss._ZGVZ12PluggableUSBvE3obj
                0x20000d0c        0x4 C:\Users\javie\AppData\Local\Temp\arduino-sketch-276426350DAEB798C7C9E8548CA6433D/..\arduino-core-cache\core_adafruit_samd_adafruit_feather_m0_7ebe4fe921e125c6a43c8383c7ea19c2.a(PluggableUSB.cpp.o)
 .bss._ZZ12PluggableUSBvE3obj
                0x20000d10        0x8 C:\Users\javie\AppData\Local\Temp\arduino-sketch-276426350DAEB798C7C9E8548CA6433D/..\arduino-core-cache\core_adafruit_samd_adafruit_feather_m0_7ebe4fe921e125c6a43c8383c7ea19c2.a(PluggableUSB.cpp.o)
 .bss.__malloc_free_list
                0x20000d18        0x4 c:/users/javie/appdata/local/arduino15/packages/adafruit/tools/arm-none-eabi-gcc/9-2019q4/bin/../lib/gcc/arm-none-eabi/9.2.1/../../../../arm-none-eabi/lib/thumb/v6-m/nofp\libc_nano.a(lib_a-nano-mallocr.o)
                0x20000d18                __malloc_free_list
 .bss.__malloc_sbrk_start
                0x20000d1c        0x4 c:/users/javie/appdata/local/arduino15/packages/adafruit/tools/arm-none-eabi-gcc/9-2019q4/bin/../lib/gcc/arm-none-eabi/9.2.1/../../../../arm-none-eabi/lib/thumb/v6-m/nofp\libc_nano.a(lib_a-nano-mallocr.o)
                0x20000d1c                __malloc_sbrk_start
 .bss.heap_end.4144
                0x20000d20        0x4 c:/users/javie/appdata/local/arduino15/packages/adafruit/tools/arm-none-eabi-gcc/9-2019q4/bin/../lib/gcc/arm-none-eabi/9.2.1/../../../../arm-none-eabi/lib/thumb/v6-m/nofp\libnosys.a(sbrk.o)
 *(COMMON)
 COMMON         0x20000d24        0x4 c:/users/javie/appdata/local/arduino15/packages/adafruit/tools/arm-none-eabi-gcc/9-2019q4/bin/../lib/gcc/arm-none-eabi/9.2.1/../../../../arm-none-eabi/lib/thumb/v6-m/nofp\libc_nano.a(lib_a-reent.o)
                0x20000d24                errno
 COMMON         0x20000d28        0x9 c:/users/javie/appdata/local/arduino15/packages/adafruit/tools/arm-none-eabi-gcc/9-2019q4/bin/../lib/gcc/arm-none-eabi/9.2.1/../../../../arm-none-eabi/lib/thumb/v6-m/nofp\libc_nano.a(lib_a-lock.o)
                0x20000d28                __lock___atexit_recursive_mutex
                0x20000d29                __lock___arc4random_mutex
                0x20000d2a                __lock___env_recursive_mutex
                0x20000d2b                __lock___sinit_recursive_mutex
                0x20000d2c                __lock___malloc_recursive_mutex
                0x20000d2d                __lock___at_quick_exit_mutex
                0x20000d2e                __lock___dd_hash_mutex
                0x20000d2f                __lock___tz_mutex
                0x20000d30                __lock___sfp_recursive_mutex
                0x20000d34                . = ALIGN (0x4)
 *fill*         0x20000d31        0x3 
                0x20000d34                __bss_end__ = .

.heap           0x20000d34        0x0
                0x20000d34                __end__ = .
                0x20000d34                PROVIDE (end = .)
 *(.heap*)
                0x20000d34                __HeapLimit = .

.stack_dummy    0x20000d34        0x0
 *(.stack*)
                0x20008000                __StackTop = (ORIGIN (RAM) + LENGTH (RAM))
                0x20008000                __StackLimit = (__StackTop - SIZEOF (.stack_dummy))
                0x20008000                PROVIDE (__stack = __StackTop)
                0x20007fff                __ram_end__ = ((ORIGIN (RAM) + LENGTH (RAM)) - 0x1)
                0x00000001                ASSERT ((__StackLimit >= __HeapLimit), region RAM overflowed with stack)
OUTPUT(C:\Users\javie\AppData\Local\Temp\arduino-sketch-276426350DAEB798C7C9E8548CA6433D/OpenLoop.ino.elf elf32-littlearm)

.ARM.attributes
                0x00000000       0x28
 .ARM.attributes
                0x00000000       0x1e c:/users/javie/appdata/local/arduino15/packages/adafruit/tools/arm-none-eabi-gcc/9-2019q4/bin/../lib/gcc/arm-none-eabi/9.2.1/thumb/v6-m/nofp/crti.o
 .ARM.attributes
                0x0000001e       0x2c c:/users/javie/appdata/local/arduino15/packages/adafruit/tools/arm-none-eabi-gcc/9-2019q4/bin/../lib/gcc/arm-none-eabi/9.2.1/thumb/v6-m/nofp/crtbegin.o
 .ARM.attributes
                0x0000004a       0x2c C:\Users\javie\AppData\Local\Temp\arduino-sketch-276426350DAEB798C7C9E8548CA6433D\sketch\OpenLoop.ino.cpp.o
 .ARM.attributes
                0x00000076       0x2c C:\Users\javie\AppData\Local\Temp\arduino-sketch-276426350DAEB798C7C9E8548CA6433D\core\variant.cpp.o
 .ARM.attributes
                0x000000a2       0x2c C:\Users\javie\AppData\Local\Temp\arduino-sketch-276426350DAEB798C7C9E8548CA6433D/..\arduino-core-cache\core_adafruit_samd_adafruit_feather_m0_7ebe4fe921e125c6a43c8383c7ea19c2.a(SERCOM.cpp.o)
 .ARM.attributes
                0x000000ce       0x2c C:\Users\javie\AppData\Local\Temp\arduino-sketch-276426350DAEB798C7C9E8548CA6433D/..\arduino-core-cache\core_adafruit_samd_adafruit_feather_m0_7ebe4fe921e125c6a43c8383c7ea19c2.a(Uart.cpp.o)
 .ARM.attributes
                0x000000fa       0x2c C:\Users\javie\AppData\Local\Temp\arduino-sketch-276426350DAEB798C7C9E8548CA6433D/..\arduino-core-cache\core_adafruit_samd_adafruit_feather_m0_7ebe4fe921e125c6a43c8383c7ea19c2.a(cortex_handlers.c.o)
 .ARM.attributes
                0x00000126       0x2c C:\Users\javie\AppData\Local\Temp\arduino-sketch-276426350DAEB798C7C9E8548CA6433D/..\arduino-core-cache\core_adafruit_samd_adafruit_feather_m0_7ebe4fe921e125c6a43c8383c7ea19c2.a(delay.c.o)
 .ARM.attributes
                0x00000152       0x2c C:\Users\javie\AppData\Local\Temp\arduino-sketch-276426350DAEB798C7C9E8548CA6433D/..\arduino-core-cache\core_adafruit_samd_adafruit_feather_m0_7ebe4fe921e125c6a43c8383c7ea19c2.a(hooks.c.o)
 .ARM.attributes
                0x0000017e       0x2c C:\Users\javie\AppData\Local\Temp\arduino-sketch-276426350DAEB798C7C9E8548CA6433D/..\arduino-core-cache\core_adafruit_samd_adafruit_feather_m0_7ebe4fe921e125c6a43c8383c7ea19c2.a(main.cpp.o)
 .ARM.attributes
                0x000001aa       0x2c C:\Users\javie\AppData\Local\Temp\arduino-sketch-276426350DAEB798C7C9E8548CA6433D/..\arduino-core-cache\core_adafruit_samd_adafruit_feather_m0_7ebe4fe921e125c6a43c8383c7ea19c2.a(startup.c.o)
 .ARM.attributes
                0x000001d6       0x2c C:\Users\javie\AppData\Local\Temp\arduino-sketch-276426350DAEB798C7C9E8548CA6433D/..\arduino-core-cache\core_adafruit_samd_adafruit_feather_m0_7ebe4fe921e125c6a43c8383c7ea19c2.a(wiring.c.o)
 .ARM.attributes
                0x00000202       0x2c C:\Users\javie\AppData\Local\Temp\arduino-sketch-276426350DAEB798C7C9E8548CA6433D/..\arduino-core-cache\core_adafruit_samd_adafruit_feather_m0_7ebe4fe921e125c6a43c8383c7ea19c2.a(wiring_analog.c.o)
 .ARM.attributes
                0x0000022e       0x2c C:\Users\javie\AppData\Local\Temp\arduino-sketch-276426350DAEB798C7C9E8548CA6433D/..\arduino-core-cache\core_adafruit_samd_adafruit_feather_m0_7ebe4fe921e125c6a43c8383c7ea19c2.a(wiring_digital.c.o)
 .ARM.attributes
                0x0000025a       0x2c C:\Users\javie\AppData\Local\Temp\arduino-sketch-276426350DAEB798C7C9E8548CA6433D/..\arduino-core-cache\core_adafruit_samd_adafruit_feather_m0_7ebe4fe921e125c6a43c8383c7ea19c2.a(wiring_private.c.o)
 .ARM.attributes
                0x00000286       0x2c C:\Users\javie\AppData\Local\Temp\arduino-sketch-276426350DAEB798C7C9E8548CA6433D/..\arduino-core-cache\core_adafruit_samd_adafruit_feather_m0_7ebe4fe921e125c6a43c8383c7ea19c2.a(Print.cpp.o)
 .ARM.attributes
                0x000002b2       0x2c C:\Users\javie\AppData\Local\Temp\arduino-sketch-276426350DAEB798C7C9E8548CA6433D/..\arduino-core-cache\core_adafruit_samd_adafruit_feather_m0_7ebe4fe921e125c6a43c8383c7ea19c2.a(Reset.cpp.o)
 .ARM.attributes
                0x000002de       0x2c C:\Users\javie\AppData\Local\Temp\arduino-sketch-276426350DAEB798C7C9E8548CA6433D/..\arduino-core-cache\core_adafruit_samd_adafruit_feather_m0_7ebe4fe921e125c6a43c8383c7ea19c2.a(USBCore.cpp.o)
 .ARM.attributes
                0x0000030a       0x2c C:\Users\javie\AppData\Local\Temp\arduino-sketch-276426350DAEB798C7C9E8548CA6433D/..\arduino-core-cache\core_adafruit_samd_adafruit_feather_m0_7ebe4fe921e125c6a43c8383c7ea19c2.a(new.cpp.o)
 .ARM.attributes
                0x00000336       0x2c C:\Users\javie\AppData\Local\Temp\arduino-sketch-276426350DAEB798C7C9E8548CA6433D/..\arduino-core-cache\core_adafruit_samd_adafruit_feather_m0_7ebe4fe921e125c6a43c8383c7ea19c2.a(CDC.cpp.o)
 .ARM.attributes
                0x00000362       0x2c C:\Users\javie\AppData\Local\Temp\arduino-sketch-276426350DAEB798C7C9E8548CA6433D/..\arduino-core-cache\core_adafruit_samd_adafruit_feather_m0_7ebe4fe921e125c6a43c8383c7ea19c2.a(PluggableUSB.cpp.o)
 .ARM.attributes
                0x0000038e       0x2c C:\Users\javie\AppData\Local\Temp\arduino-sketch-276426350DAEB798C7C9E8548CA6433D/..\arduino-core-cache\core_adafruit_samd_adafruit_feather_m0_7ebe4fe921e125c6a43c8383c7ea19c2.a(SAMD21_USBDevice.cpp.o)
 .ARM.attributes
                0x000003ba       0x1e c:/users/javie/appdata/local/arduino15/packages/adafruit/tools/arm-none-eabi-gcc/9-2019q4/bin/../lib/gcc/arm-none-eabi/9.2.1/thumb/v6-m/nofp\libgcc.a(_thumb1_case_uqi.o)
 .ARM.attributes
                0x000003d8       0x1e c:/users/javie/appdata/local/arduino15/packages/adafruit/tools/arm-none-eabi-gcc/9-2019q4/bin/../lib/gcc/arm-none-eabi/9.2.1/thumb/v6-m/nofp\libgcc.a(_udivsi3.o)
 .ARM.attributes
                0x000003f6       0x1e c:/users/javie/appdata/local/arduino15/packages/adafruit/tools/arm-none-eabi-gcc/9-2019q4/bin/../lib/gcc/arm-none-eabi/9.2.1/thumb/v6-m/nofp\libgcc.a(_dvmd_tls.o)
 .ARM.attributes
                0x00000414       0x2c c:/users/javie/appdata/local/arduino15/packages/adafruit/tools/arm-none-eabi-gcc/9-2019q4/bin/../lib/gcc/arm-none-eabi/9.2.1/../../../../arm-none-eabi/lib/thumb/v6-m/nofp\libc_nano.a(lib_a-impure.o)
 .ARM.attributes
                0x00000440       0x2c c:/users/javie/appdata/local/arduino15/packages/adafruit/tools/arm-none-eabi-gcc/9-2019q4/bin/../lib/gcc/arm-none-eabi/9.2.1/../../../../arm-none-eabi/lib/thumb/v6-m/nofp\libc_nano.a(lib_a-init.o)
 .ARM.attributes
                0x0000046c       0x2c c:/users/javie/appdata/local/arduino15/packages/adafruit/tools/arm-none-eabi-gcc/9-2019q4/bin/../lib/gcc/arm-none-eabi/9.2.1/../../../../arm-none-eabi/lib/thumb/v6-m/nofp\libc_nano.a(lib_a-malloc.o)
 .ARM.attributes
                0x00000498       0x2c c:/users/javie/appdata/local/arduino15/packages/adafruit/tools/arm-none-eabi-gcc/9-2019q4/bin/../lib/gcc/arm-none-eabi/9.2.1/../../../../arm-none-eabi/lib/thumb/v6-m/nofp\libc_nano.a(lib_a-memcpy-stub.o)
 .ARM.attributes
                0x000004c4       0x2c c:/users/javie/appdata/local/arduino15/packages/adafruit/tools/arm-none-eabi-gcc/9-2019q4/bin/../lib/gcc/arm-none-eabi/9.2.1/../../../../arm-none-eabi/lib/thumb/v6-m/nofp\libc_nano.a(lib_a-memset.o)
 .ARM.attributes
                0x000004f0       0x2c c:/users/javie/appdata/local/arduino15/packages/adafruit/tools/arm-none-eabi-gcc/9-2019q4/bin/../lib/gcc/arm-none-eabi/9.2.1/../../../../arm-none-eabi/lib/thumb/v6-m/nofp\libc_nano.a(lib_a-nano-freer.o)
 .ARM.attributes
                0x0000051c       0x2c c:/users/javie/appdata/local/arduino15/packages/adafruit/tools/arm-none-eabi-gcc/9-2019q4/bin/../lib/gcc/arm-none-eabi/9.2.1/../../../../arm-none-eabi/lib/thumb/v6-m/nofp\libc_nano.a(lib_a-nano-mallocr.o)
 .ARM.attributes
                0x00000548       0x2c c:/users/javie/appdata/local/arduino15/packages/adafruit/tools/arm-none-eabi-gcc/9-2019q4/bin/../lib/gcc/arm-none-eabi/9.2.1/../../../../arm-none-eabi/lib/thumb/v6-m/nofp\libc_nano.a(lib_a-sbrkr.o)
 .ARM.attributes
                0x00000574       0x1c c:/users/javie/appdata/local/arduino15/packages/adafruit/tools/arm-none-eabi-gcc/9-2019q4/bin/../lib/gcc/arm-none-eabi/9.2.1/../../../../arm-none-eabi/lib/thumb/v6-m/nofp\libc_nano.a(lib_a-strlen.o)
 .ARM.attributes
                0x00000590       0x2c c:/users/javie/appdata/local/arduino15/packages/adafruit/tools/arm-none-eabi-gcc/9-2019q4/bin/../lib/gcc/arm-none-eabi/9.2.1/../../../../arm-none-eabi/lib/thumb/v6-m/nofp\libc_nano.a(lib_a-mlock.o)
 .ARM.attributes
                0x000005bc       0x2c c:/users/javie/appdata/local/arduino15/packages/adafruit/tools/arm-none-eabi-gcc/9-2019q4/bin/../lib/gcc/arm-none-eabi/9.2.1/../../../../arm-none-eabi/lib/thumb/v6-m/nofp\libc_nano.a(lib_a-reent.o)
 .ARM.attributes
                0x000005e8       0x2c c:/users/javie/appdata/local/arduino15/packages/adafruit/tools/arm-none-eabi-gcc/9-2019q4/bin/../lib/gcc/arm-none-eabi/9.2.1/../../../../arm-none-eabi/lib/thumb/v6-m/nofp\libc_nano.a(lib_a-lock.o)
 .ARM.attributes
                0x00000614       0x2c c:/users/javie/appdata/local/arduino15/packages/adafruit/tools/arm-none-eabi-gcc/9-2019q4/bin/../lib/gcc/arm-none-eabi/9.2.1/../../../../arm-none-eabi/lib/thumb/v6-m/nofp\libnosys.a(sbrk.o)
 .ARM.attributes
                0x00000640       0x2c c:/users/javie/appdata/local/arduino15/packages/adafruit/tools/arm-none-eabi-gcc/9-2019q4/bin/../lib/gcc/arm-none-eabi/9.2.1/thumb/v6-m/nofp/crtend.o
 .ARM.attributes
                0x0000066c       0x1e c:/users/javie/appdata/local/arduino15/packages/adafruit/tools/arm-none-eabi-gcc/9-2019q4/bin/../lib/gcc/arm-none-eabi/9.2.1/thumb/v6-m/nofp/crtn.o

.comment        0x00000000       0x79
 .comment       0x00000000       0x79 C:\Users\javie\AppData\Local\Temp\arduino-sketch-276426350DAEB798C7C9E8548CA6433D\sketch\OpenLoop.ino.cpp.o
                                 0x7a (size before relaxing)
 .comment       0x00000079       0x7a C:\Users\javie\AppData\Local\Temp\arduino-sketch-276426350DAEB798C7C9E8548CA6433D\core\variant.cpp.o
 .comment       0x00000079       0x7a C:\Users\javie\AppData\Local\Temp\arduino-sketch-276426350DAEB798C7C9E8548CA6433D/..\arduino-core-cache\core_adafruit_samd_adafruit_feather_m0_7ebe4fe921e125c6a43c8383c7ea19c2.a(SERCOM.cpp.o)
 .comment       0x00000079       0x7a C:\Users\javie\AppData\Local\Temp\arduino-sketch-276426350DAEB798C7C9E8548CA6433D/..\arduino-core-cache\core_adafruit_samd_adafruit_feather_m0_7ebe4fe921e125c6a43c8383c7ea19c2.a(Uart.cpp.o)
 .comment       0x00000079       0x7a C:\Users\javie\AppData\Local\Temp\arduino-sketch-276426350DAEB798C7C9E8548CA6433D/..\arduino-core-cache\core_adafruit_samd_adafruit_feather_m0_7ebe4fe921e125c6a43c8383c7ea19c2.a(cortex_handlers.c.o)
 .comment       0x00000079       0x7a C:\Users\javie\AppData\Local\Temp\arduino-sketch-276426350DAEB798C7C9E8548CA6433D/..\arduino-core-cache\core_adafruit_samd_adafruit_feather_m0_7ebe4fe921e125c6a43c8383c7ea19c2.a(delay.c.o)
 .comment       0x00000079       0x7a C:\Users\javie\AppData\Local\Temp\arduino-sketch-276426350DAEB798C7C9E8548CA6433D/..\arduino-core-cache\core_adafruit_samd_adafruit_feather_m0_7ebe4fe921e125c6a43c8383c7ea19c2.a(hooks.c.o)
 .comment       0x00000079       0x7a C:\Users\javie\AppData\Local\Temp\arduino-sketch-276426350DAEB798C7C9E8548CA6433D/..\arduino-core-cache\core_adafruit_samd_adafruit_feather_m0_7ebe4fe921e125c6a43c8383c7ea19c2.a(main.cpp.o)
 .comment       0x00000079       0x7a C:\Users\javie\AppData\Local\Temp\arduino-sketch-276426350DAEB798C7C9E8548CA6433D/..\arduino-core-cache\core_adafruit_samd_adafruit_feather_m0_7ebe4fe921e125c6a43c8383c7ea19c2.a(startup.c.o)
 .comment       0x00000079       0x7a C:\Users\javie\AppData\Local\Temp\arduino-sketch-276426350DAEB798C7C9E8548CA6433D/..\arduino-core-cache\core_adafruit_samd_adafruit_feather_m0_7ebe4fe921e125c6a43c8383c7ea19c2.a(wiring.c.o)
 .comment       0x00000079       0x7a C:\Users\javie\AppData\Local\Temp\arduino-sketch-276426350DAEB798C7C9E8548CA6433D/..\arduino-core-cache\core_adafruit_samd_adafruit_feather_m0_7ebe4fe921e125c6a43c8383c7ea19c2.a(wiring_analog.c.o)
 .comment       0x00000079       0x7a C:\Users\javie\AppData\Local\Temp\arduino-sketch-276426350DAEB798C7C9E8548CA6433D/..\arduino-core-cache\core_adafruit_samd_adafruit_feather_m0_7ebe4fe921e125c6a43c8383c7ea19c2.a(wiring_digital.c.o)
 .comment       0x00000079       0x7a C:\Users\javie\AppData\Local\Temp\arduino-sketch-276426350DAEB798C7C9E8548CA6433D/..\arduino-core-cache\core_adafruit_samd_adafruit_feather_m0_7ebe4fe921e125c6a43c8383c7ea19c2.a(wiring_private.c.o)
 .comment       0x00000079       0x7a C:\Users\javie\AppData\Local\Temp\arduino-sketch-276426350DAEB798C7C9E8548CA6433D/..\arduino-core-cache\core_adafruit_samd_adafruit_feather_m0_7ebe4fe921e125c6a43c8383c7ea19c2.a(Print.cpp.o)
 .comment       0x00000079       0x7a C:\Users\javie\AppData\Local\Temp\arduino-sketch-276426350DAEB798C7C9E8548CA6433D/..\arduino-core-cache\core_adafruit_samd_adafruit_feather_m0_7ebe4fe921e125c6a43c8383c7ea19c2.a(Reset.cpp.o)
 .comment       0x00000079       0x7a C:\Users\javie\AppData\Local\Temp\arduino-sketch-276426350DAEB798C7C9E8548CA6433D/..\arduino-core-cache\core_adafruit_samd_adafruit_feather_m0_7ebe4fe921e125c6a43c8383c7ea19c2.a(USBCore.cpp.o)
 .comment       0x00000079       0x7a C:\Users\javie\AppData\Local\Temp\arduino-sketch-276426350DAEB798C7C9E8548CA6433D/..\arduino-core-cache\core_adafruit_samd_adafruit_feather_m0_7ebe4fe921e125c6a43c8383c7ea19c2.a(new.cpp.o)
 .comment       0x00000079       0x7a C:\Users\javie\AppData\Local\Temp\arduino-sketch-276426350DAEB798C7C9E8548CA6433D/..\arduino-core-cache\core_adafruit_samd_adafruit_feather_m0_7ebe4fe921e125c6a43c8383c7ea19c2.a(CDC.cpp.o)
 .comment       0x00000079       0x7a C:\Users\javie\AppData\Local\Temp\arduino-sketch-276426350DAEB798C7C9E8548CA6433D/..\arduino-core-cache\core_adafruit_samd_adafruit_feather_m0_7ebe4fe921e125c6a43c8383c7ea19c2.a(PluggableUSB.cpp.o)
 .comment       0x00000079       0x7a C:\Users\javie\AppData\Local\Temp\arduino-sketch-276426350DAEB798C7C9E8548CA6433D/..\arduino-core-cache\core_adafruit_samd_adafruit_feather_m0_7ebe4fe921e125c6a43c8383c7ea19c2.a(SAMD21_USBDevice.cpp.o)

.debug_info     0x00000000    0x6f22e
 .debug_info    0x00000000     0x69e4 C:\Users\javie\AppData\Local\Temp\arduino-sketch-276426350DAEB798C7C9E8548CA6433D\sketch\OpenLoop.ino.cpp.o
 .debug_info    0x000069e4     0x6cfc C:\Users\javie\AppData\Local\Temp\arduino-sketch-276426350DAEB798C7C9E8548CA6433D\core\variant.cpp.o
 .debug_info    0x0000d6e0     0x8095 C:\Users\javie\AppData\Local\Temp\arduino-sketch-276426350DAEB798C7C9E8548CA6433D/..\arduino-core-cache\core_adafruit_samd_adafruit_feather_m0_7ebe4fe921e125c6a43c8383c7ea19c2.a(SERCOM.cpp.o)
 .debug_info    0x00015775     0x9cba C:\Users\javie\AppData\Local\Temp\arduino-sketch-276426350DAEB798C7C9E8548CA6433D/..\arduino-core-cache\core_adafruit_samd_adafruit_feather_m0_7ebe4fe921e125c6a43c8383c7ea19c2.a(Uart.cpp.o)
 .debug_info    0x0001f42f     0x121c C:\Users\javie\AppData\Local\Temp\arduino-sketch-276426350DAEB798C7C9E8548CA6433D/..\arduino-core-cache\core_adafruit_samd_adafruit_feather_m0_7ebe4fe921e125c6a43c8383c7ea19c2.a(cortex_handlers.c.o)
 .debug_info    0x0002064b     0x14c6 C:\Users\javie\AppData\Local\Temp\arduino-sketch-276426350DAEB798C7C9E8548CA6433D/..\arduino-core-cache\core_adafruit_samd_adafruit_feather_m0_7ebe4fe921e125c6a43c8383c7ea19c2.a(delay.c.o)
 .debug_info    0x00021b11       0x67 C:\Users\javie\AppData\Local\Temp\arduino-sketch-276426350DAEB798C7C9E8548CA6433D/..\arduino-core-cache\core_adafruit_samd_adafruit_feather_m0_7ebe4fe921e125c6a43c8383c7ea19c2.a(hooks.c.o)
 .debug_info    0x00021b78     0x68d7 C:\Users\javie\AppData\Local\Temp\arduino-sketch-276426350DAEB798C7C9E8548CA6433D/..\arduino-core-cache\core_adafruit_samd_adafruit_feather_m0_7ebe4fe921e125c6a43c8383c7ea19c2.a(main.cpp.o)
 .debug_info    0x0002844f     0x3864 C:\Users\javie\AppData\Local\Temp\arduino-sketch-276426350DAEB798C7C9E8548CA6433D/..\arduino-core-cache\core_adafruit_samd_adafruit_feather_m0_7ebe4fe921e125c6a43c8383c7ea19c2.a(startup.c.o)
 .debug_info    0x0002bcb3     0x307f C:\Users\javie\AppData\Local\Temp\arduino-sketch-276426350DAEB798C7C9E8548CA6433D/..\arduino-core-cache\core_adafruit_samd_adafruit_feather_m0_7ebe4fe921e125c6a43c8383c7ea19c2.a(wiring.c.o)
 .debug_info    0x0002ed32     0x5506 C:\Users\javie\AppData\Local\Temp\arduino-sketch-276426350DAEB798C7C9E8548CA6433D/..\arduino-core-cache\core_adafruit_samd_adafruit_feather_m0_7ebe4fe921e125c6a43c8383c7ea19c2.a(wiring_analog.c.o)
 .debug_info    0x00034238     0x19be C:\Users\javie\AppData\Local\Temp\arduino-sketch-276426350DAEB798C7C9E8548CA6433D/..\arduino-core-cache\core_adafruit_samd_adafruit_feather_m0_7ebe4fe921e125c6a43c8383c7ea19c2.a(wiring_digital.c.o)
 .debug_info    0x00035bf6     0x194c C:\Users\javie\AppData\Local\Temp\arduino-sketch-276426350DAEB798C7C9E8548CA6433D/..\arduino-core-cache\core_adafruit_samd_adafruit_feather_m0_7ebe4fe921e125c6a43c8383c7ea19c2.a(wiring_private.c.o)
 .debug_info    0x00037542     0x91ad C:\Users\javie\AppData\Local\Temp\arduino-sketch-276426350DAEB798C7C9E8548CA6433D/..\arduino-core-cache\core_adafruit_samd_adafruit_feather_m0_7ebe4fe921e125c6a43c8383c7ea19c2.a(Print.cpp.o)
 .debug_info    0x000406ef     0x6ed0 C:\Users\javie\AppData\Local\Temp\arduino-sketch-276426350DAEB798C7C9E8548CA6433D/..\arduino-core-cache\core_adafruit_samd_adafruit_feather_m0_7ebe4fe921e125c6a43c8383c7ea19c2.a(Reset.cpp.o)
 .debug_info    0x000475bf     0xe9fc C:\Users\javie\AppData\Local\Temp\arduino-sketch-276426350DAEB798C7C9E8548CA6433D/..\arduino-core-cache\core_adafruit_samd_adafruit_feather_m0_7ebe4fe921e125c6a43c8383c7ea19c2.a(USBCore.cpp.o)
 .debug_info    0x00055fbb     0x1111 C:\Users\javie\AppData\Local\Temp\arduino-sketch-276426350DAEB798C7C9E8548CA6433D/..\arduino-core-cache\core_adafruit_samd_adafruit_feather_m0_7ebe4fe921e125c6a43c8383c7ea19c2.a(new.cpp.o)
 .debug_info    0x000570cc     0x8e19 C:\Users\javie\AppData\Local\Temp\arduino-sketch-276426350DAEB798C7C9E8548CA6433D/..\arduino-core-cache\core_adafruit_samd_adafruit_feather_m0_7ebe4fe921e125c6a43c8383c7ea19c2.a(CDC.cpp.o)
 .debug_info    0x0005fee5     0x6d80 C:\Users\javie\AppData\Local\Temp\arduino-sketch-276426350DAEB798C7C9E8548CA6433D/..\arduino-core-cache\core_adafruit_samd_adafruit_feather_m0_7ebe4fe921e125c6a43c8383c7ea19c2.a(PluggableUSB.cpp.o)
 .debug_info    0x00066c65     0x85c9 C:\Users\javie\AppData\Local\Temp\arduino-sketch-276426350DAEB798C7C9E8548CA6433D/..\arduino-core-cache\core_adafruit_samd_adafruit_feather_m0_7ebe4fe921e125c6a43c8383c7ea19c2.a(SAMD21_USBDevice.cpp.o)

.debug_abbrev   0x00000000     0x7b43
 .debug_abbrev  0x00000000      0x707 C:\Users\javie\AppData\Local\Temp\arduino-sketch-276426350DAEB798C7C9E8548CA6433D\sketch\OpenLoop.ino.cpp.o
 .debug_abbrev  0x00000707      0x60b C:\Users\javie\AppData\Local\Temp\arduino-sketch-276426350DAEB798C7C9E8548CA6433D\core\variant.cpp.o
 .debug_abbrev  0x00000d12      0x990 C:\Users\javie\AppData\Local\Temp\arduino-sketch-276426350DAEB798C7C9E8548CA6433D/..\arduino-core-cache\core_adafruit_samd_adafruit_feather_m0_7ebe4fe921e125c6a43c8383c7ea19c2.a(SERCOM.cpp.o)
 .debug_abbrev  0x000016a2      0xa82 C:\Users\javie\AppData\Local\Temp\arduino-sketch-276426350DAEB798C7C9E8548CA6433D/..\arduino-core-cache\core_adafruit_samd_adafruit_feather_m0_7ebe4fe921e125c6a43c8383c7ea19c2.a(Uart.cpp.o)
 .debug_abbrev  0x00002124      0x303 C:\Users\javie\AppData\Local\Temp\arduino-sketch-276426350DAEB798C7C9E8548CA6433D/..\arduino-core-cache\core_adafruit_samd_adafruit_feather_m0_7ebe4fe921e125c6a43c8383c7ea19c2.a(cortex_handlers.c.o)
 .debug_abbrev  0x00002427      0x33a C:\Users\javie\AppData\Local\Temp\arduino-sketch-276426350DAEB798C7C9E8548CA6433D/..\arduino-core-cache\core_adafruit_samd_adafruit_feather_m0_7ebe4fe921e125c6a43c8383c7ea19c2.a(delay.c.o)
 .debug_abbrev  0x00002761       0x4d C:\Users\javie\AppData\Local\Temp\arduino-sketch-276426350DAEB798C7C9E8548CA6433D/..\arduino-core-cache\core_adafruit_samd_adafruit_feather_m0_7ebe4fe921e125c6a43c8383c7ea19c2.a(hooks.c.o)
 .debug_abbrev  0x000027ae      0x69e C:\Users\javie\AppData\Local\Temp\arduino-sketch-276426350DAEB798C7C9E8548CA6433D/..\arduino-core-cache\core_adafruit_samd_adafruit_feather_m0_7ebe4fe921e125c6a43c8383c7ea19c2.a(main.cpp.o)
 .debug_abbrev  0x00002e4c      0x2f7 C:\Users\javie\AppData\Local\Temp\arduino-sketch-276426350DAEB798C7C9E8548CA6433D/..\arduino-core-cache\core_adafruit_samd_adafruit_feather_m0_7ebe4fe921e125c6a43c8383c7ea19c2.a(startup.c.o)
 .debug_abbrev  0x00003143      0x3e8 C:\Users\javie\AppData\Local\Temp\arduino-sketch-276426350DAEB798C7C9E8548CA6433D/..\arduino-core-cache\core_adafruit_samd_adafruit_feather_m0_7ebe4fe921e125c6a43c8383c7ea19c2.a(wiring.c.o)
 .debug_abbrev  0x0000352b      0x554 C:\Users\javie\AppData\Local\Temp\arduino-sketch-276426350DAEB798C7C9E8548CA6433D/..\arduino-core-cache\core_adafruit_samd_adafruit_feather_m0_7ebe4fe921e125c6a43c8383c7ea19c2.a(wiring_analog.c.o)
 .debug_abbrev  0x00003a7f      0x389 C:\Users\javie\AppData\Local\Temp\arduino-sketch-276426350DAEB798C7C9E8548CA6433D/..\arduino-core-cache\core_adafruit_samd_adafruit_feather_m0_7ebe4fe921e125c6a43c8383c7ea19c2.a(wiring_digital.c.o)
 .debug_abbrev  0x00003e08      0x351 C:\Users\javie\AppData\Local\Temp\arduino-sketch-276426350DAEB798C7C9E8548CA6433D/..\arduino-core-cache\core_adafruit_samd_adafruit_feather_m0_7ebe4fe921e125c6a43c8383c7ea19c2.a(wiring_private.c.o)
 .debug_abbrev  0x00004159      0x9ca C:\Users\javie\AppData\Local\Temp\arduino-sketch-276426350DAEB798C7C9E8548CA6433D/..\arduino-core-cache\core_adafruit_samd_adafruit_feather_m0_7ebe4fe921e125c6a43c8383c7ea19c2.a(Print.cpp.o)
 .debug_abbrev  0x00004b23      0x76b C:\Users\javie\AppData\Local\Temp\arduino-sketch-276426350DAEB798C7C9E8548CA6433D/..\arduino-core-cache\core_adafruit_samd_adafruit_feather_m0_7ebe4fe921e125c6a43c8383c7ea19c2.a(Reset.cpp.o)
 .debug_abbrev  0x0000528e      0xd10 C:\Users\javie\AppData\Local\Temp\arduino-sketch-276426350DAEB798C7C9E8548CA6433D/..\arduino-core-cache\core_adafruit_samd_adafruit_feather_m0_7ebe4fe921e125c6a43c8383c7ea19c2.a(USBCore.cpp.o)
 .debug_abbrev  0x00005f9e      0x350 C:\Users\javie\AppData\Local\Temp\arduino-sketch-276426350DAEB798C7C9E8548CA6433D/..\arduino-core-cache\core_adafruit_samd_adafruit_feather_m0_7ebe4fe921e125c6a43c8383c7ea19c2.a(new.cpp.o)
 .debug_abbrev  0x000062ee      0x9e5 C:\Users\javie\AppData\Local\Temp\arduino-sketch-276426350DAEB798C7C9E8548CA6433D/..\arduino-core-cache\core_adafruit_samd_adafruit_feather_m0_7ebe4fe921e125c6a43c8383c7ea19c2.a(CDC.cpp.o)
 .debug_abbrev  0x00006cd3      0x793 C:\Users\javie\AppData\Local\Temp\arduino-sketch-276426350DAEB798C7C9E8548CA6433D/..\arduino-core-cache\core_adafruit_samd_adafruit_feather_m0_7ebe4fe921e125c6a43c8383c7ea19c2.a(PluggableUSB.cpp.o)
 .debug_abbrev  0x00007466      0x6dd C:\Users\javie\AppData\Local\Temp\arduino-sketch-276426350DAEB798C7C9E8548CA6433D/..\arduino-core-cache\core_adafruit_samd_adafruit_feather_m0_7ebe4fe921e125c6a43c8383c7ea19c2.a(SAMD21_USBDevice.cpp.o)

.debug_loc      0x00000000     0x7802